Component: ARM Compiler 5.06 update 7 (build 960) Tool: armlink [4d3601]

==============================================================================

Section Cross References

    system_stm32f4xx.o(i.SystemCoreClockUpdate) refers to system_stm32f4xx.o(.data) for SystemCoreClock
    system_stm32f4xx.o(i.SystemInit) refers to system_stm32f4xx.o(i.SetSysClock) for SetSysClock
    startup_stm32f40_41xxx.o(STACK) refers (Special) to heapauxi.o(.text) for __use_two_region_memory
    startup_stm32f40_41xxx.o(HEAP) refers (Special) to heapauxi.o(.text) for __use_two_region_memory
    startup_stm32f40_41xxx.o(RESET) refers (Special) to heapauxi.o(.text) for __use_two_region_memory
    startup_stm32f40_41xxx.o(RESET) refers to startup_stm32f40_41xxx.o(STACK) for __initial_sp
    startup_stm32f40_41xxx.o(RESET) refers to startup_stm32f40_41xxx.o(.text) for Reset_Handler
    startup_stm32f40_41xxx.o(RESET) refers to el9800hw.o(i.EXTI0_IRQHandler) for EXTI0_IRQHandler
    startup_stm32f40_41xxx.o(RESET) refers to el9800hw.o(i.EXTI1_IRQHandler) for EXTI1_IRQHandler
    startup_stm32f40_41xxx.o(RESET) refers to el9800hw.o(i.EXTI9_5_IRQHandler) for EXTI9_5_IRQHandler
    startup_stm32f40_41xxx.o(RESET) refers to el9800hw.o(i.TIM2_IRQHandler) for TIM2_IRQHandler
    startup_stm32f40_41xxx.o(.text) refers (Special) to heapauxi.o(.text) for __use_two_region_memory
    startup_stm32f40_41xxx.o(.text) refers to system_stm32f4xx.o(i.SystemInit) for SystemInit
    startup_stm32f40_41xxx.o(.text) refers to __main.o(!!!main) for __main
    startup_stm32f40_41xxx.o(.text) refers to startup_stm32f40_41xxx.o(HEAP) for Heap_Mem
    startup_stm32f40_41xxx.o(.text) refers to startup_stm32f40_41xxx.o(STACK) for Stack_Mem
    stm32f4xx_adc.o(i.ADC_DeInit) refers to stm32f4xx_rcc.o(i.RCC_APB2PeriphResetCmd) for RCC_APB2PeriphResetCmd
    stm32f4xx_can.o(i.CAN_DeInit) refers to stm32f4xx_rcc.o(i.RCC_APB1PeriphResetCmd) for RCC_APB1PeriphResetCmd
    stm32f4xx_can.o(i.CAN_GetITStatus) refers to stm32f4xx_can.o(i.CheckITStatus) for CheckITStatus
    stm32f4xx_cryp.o(i.CRYP_DeInit) refers to stm32f4xx_rcc.o(i.RCC_AHB2PeriphResetCmd) for RCC_AHB2PeriphResetCmd
    stm32f4xx_cryp_aes.o(i.CRYP_AES_CBC) refers to stm32f4xx_cryp.o(i.CRYP_KeyStructInit) for CRYP_KeyStructInit
    stm32f4xx_cryp_aes.o(i.CRYP_AES_CBC) refers to stm32f4xx_cryp.o(i.CRYP_FIFOFlush) for CRYP_FIFOFlush
    stm32f4xx_cryp_aes.o(i.CRYP_AES_CBC) refers to stm32f4xx_cryp.o(i.CRYP_Init) for CRYP_Init
    stm32f4xx_cryp_aes.o(i.CRYP_AES_CBC) refers to stm32f4xx_cryp.o(i.CRYP_KeyInit) for CRYP_KeyInit
    stm32f4xx_cryp_aes.o(i.CRYP_AES_CBC) refers to stm32f4xx_cryp.o(i.CRYP_Cmd) for CRYP_Cmd
    stm32f4xx_cryp_aes.o(i.CRYP_AES_CBC) refers to stm32f4xx_cryp.o(i.CRYP_GetFlagStatus) for CRYP_GetFlagStatus
    stm32f4xx_cryp_aes.o(i.CRYP_AES_CBC) refers to stm32f4xx_cryp.o(i.CRYP_IVInit) for CRYP_IVInit
    stm32f4xx_cryp_aes.o(i.CRYP_AES_CBC) refers to stm32f4xx_cryp.o(i.CRYP_GetCmdStatus) for CRYP_GetCmdStatus
    stm32f4xx_cryp_aes.o(i.CRYP_AES_CBC) refers to stm32f4xx_cryp.o(i.CRYP_DataIn) for CRYP_DataIn
    stm32f4xx_cryp_aes.o(i.CRYP_AES_CBC) refers to stm32f4xx_cryp.o(i.CRYP_DataOut) for CRYP_DataOut
    stm32f4xx_cryp_aes.o(i.CRYP_AES_CCM) refers to stm32f4xx_cryp.o(i.CRYP_KeyStructInit) for CRYP_KeyStructInit
    stm32f4xx_cryp_aes.o(i.CRYP_AES_CCM) refers to stm32f4xx_cryp.o(i.CRYP_FIFOFlush) for CRYP_FIFOFlush
    stm32f4xx_cryp_aes.o(i.CRYP_AES_CCM) refers to stm32f4xx_cryp.o(i.CRYP_KeyInit) for CRYP_KeyInit
    stm32f4xx_cryp_aes.o(i.CRYP_AES_CCM) refers to stm32f4xx_cryp.o(i.CRYP_IVInit) for CRYP_IVInit
    stm32f4xx_cryp_aes.o(i.CRYP_AES_CCM) refers to stm32f4xx_cryp.o(i.CRYP_Init) for CRYP_Init
    stm32f4xx_cryp_aes.o(i.CRYP_AES_CCM) refers to stm32f4xx_cryp.o(i.CRYP_PhaseConfig) for CRYP_PhaseConfig
    stm32f4xx_cryp_aes.o(i.CRYP_AES_CCM) refers to stm32f4xx_cryp.o(i.CRYP_DataIn) for CRYP_DataIn
    stm32f4xx_cryp_aes.o(i.CRYP_AES_CCM) refers to stm32f4xx_cryp.o(i.CRYP_Cmd) for CRYP_Cmd
    stm32f4xx_cryp_aes.o(i.CRYP_AES_CCM) refers to stm32f4xx_cryp.o(i.CRYP_GetCmdStatus) for CRYP_GetCmdStatus
    stm32f4xx_cryp_aes.o(i.CRYP_AES_CCM) refers to stm32f4xx_cryp.o(i.CRYP_GetFlagStatus) for CRYP_GetFlagStatus
    stm32f4xx_cryp_aes.o(i.CRYP_AES_CCM) refers to stm32f4xx_cryp.o(i.CRYP_DataOut) for CRYP_DataOut
    stm32f4xx_cryp_aes.o(i.CRYP_AES_CTR) refers to stm32f4xx_cryp.o(i.CRYP_KeyStructInit) for CRYP_KeyStructInit
    stm32f4xx_cryp_aes.o(i.CRYP_AES_CTR) refers to stm32f4xx_cryp.o(i.CRYP_KeyInit) for CRYP_KeyInit
    stm32f4xx_cryp_aes.o(i.CRYP_AES_CTR) refers to stm32f4xx_cryp.o(i.CRYP_Init) for CRYP_Init
    stm32f4xx_cryp_aes.o(i.CRYP_AES_CTR) refers to stm32f4xx_cryp.o(i.CRYP_IVInit) for CRYP_IVInit
    stm32f4xx_cryp_aes.o(i.CRYP_AES_CTR) refers to stm32f4xx_cryp.o(i.CRYP_FIFOFlush) for CRYP_FIFOFlush
    stm32f4xx_cryp_aes.o(i.CRYP_AES_CTR) refers to stm32f4xx_cryp.o(i.CRYP_Cmd) for CRYP_Cmd
[...]
    i.StartInputHandler                      0x08005210   Section        0  ecatslv.o(i.StartInputHandler)
    i.StartOutputHandler                     0x08005820   Section        0  ecatslv.o(i.StartOutputHandler)
    i.StopInputHandler                       0x08005858   Section        0  ecatslv.o(i.StopInputHandler)
    i.StopOutputHandler                      0x08005928   Section        0  ecatslv.o(i.StopOutputHandler)
    i.Sync0_Isr                              0x0800593c   Section        0  ecatappl.o(i.Sync0_Isr)
    i.Sync1_Isr                              0x08005a6c   Section        0  ecatappl.o(i.Sync1_Isr)
    i.SystemInit                             0x08005aa8   Section        0  system_stm32f4xx.o(i.SystemInit)
    i.TIM2_IRQHandler                        0x08005b10   Section        0  el9800hw.o(i.TIM2_IRQHandler)
    i.TIM_ClearFlag                          0x08005b3c   Section        0  stm32f4xx_tim.o(i.TIM_ClearFlag)
    i.TIM_ClearITPendingBit                  0x08005b42   Section        0  stm32f4xx_tim.o(i.TIM_ClearITPendingBit)
    i.TIM_Cmd                                0x08005b48   Section        0  stm32f4xx_tim.o(i.TIM_Cmd)
    i.TIM_Configuration                      0x08005b60   Section        0  timer.o(i.TIM_Configuration)
    i.TIM_DeInit                             0x08005bd4   Section        0  stm32f4xx_tim.o(i.TIM_DeInit)
    i.TIM_ITConfig                           0x08005d64   Section        0  stm32f4xx_tim.o(i.TIM_ITConfig)
    i.TIM_TimeBaseInit                       0x08005d78   Section        0  stm32f4xx_tim.o(i.TIM_TimeBaseInit)
    i.UpdateEEPROMLoadedState                0x08005dfc   Section        0  ecatslv.o(i.UpdateEEPROMLoadedState)
    i.WR_CMD                                 0x08005e40   Section        0  spi1.o(i.WR_CMD)
    i.main                                   0x08005e78   Section        0  el9800appl.o(i.main)
    x$fpl$fpinit                             0x08005ea4   Section       10  fpinit.o(x$fpl$fpinit)
    $v0                                      0x08005ea4   Number         0  fpinit.o(x$fpl$fpinit)
    .constdata                               0x08005eae   Section       32  objdef.o(.constdata)
    .constdata                               0x08005ed0   Section      120  sdoserv.o(.constdata)
    .constdata                               0x08005f48   Section     2267  coeappl.o(.constdata)
    .data                                    0x20000000   Section        4  ecatcoe.o(.data)
    .data                                    0x20000004   Section       73  ecatslv.o(.data)
    .data                                    0x20000050   Section       33  mailbox.o(.data)
    .data                                    0x20000074   Section       29  objdef.o(.data)
    .data                                    0x20000094   Section       60  sdoserv.o(.data)
    .data                                    0x200000d0   Section     1120  coeappl.o(.data)
    .data                                    0x20000530   Section       26  ecatappl.o(.data)
    .data                                    0x2000054c   Section      192  el9800appl.o(.data)
    .data                                    0x2000060c   Section        2  adc1.o(.data)
    .data                                    0x2000060e   Section        2  el9800hw.o(.data)
    .bss                                     0x20000610   Section      616  mailbox.o(.bss)
    .bss                                     0x20000878   Section      136  objdef.o(.bss)
    .bss                                     0x20000900   Section       14  sdoserv.o(.bss)
    .bss                                     0x2000090e   Section      136  ecatappl.o(.bss)
    .bss                                     0x20000998   Section       96  libspace.o(.bss)
    HEAP                                     0x200009f8   Section      512  startup_stm32f40_41xxx.o(HEAP)
    Heap_Mem                                 0x200009f8   Data         512  startup_stm32f40_41xxx.o(HEAP)
    STACK                                    0x20000bf8   Section     1024  startup_stm32f40_41xxx.o(STACK)
    Stack_Mem                                0x20000bf8   Data        1024  startup_stm32f40_41xxx.o(STACK)
    __initial_sp                             0x20000ff8   Data           0  startup_stm32f40_41xxx.o(STACK)

    Global Symbols

    Symbol Name                              Value     Ov Type        Size  Object(Section)

    BuildAttributes$$THM_ISAv4$E$P$D$K$B$S$7EM$VFPi3$EXTD16$VFPS$VFMA$PE$A:L22UL41UL21$X:L11$S22US41US21$IEEE1$IW$USESV6$~STKCKD$USESV7$~SHL$OTIME$ROPI$EBA8$UX$STANDARDLIB$REQ8$PRES8$EABIv2 0x00000000   Number         0  anon$$obj.o ABSOLUTE
    __ARM_use_no_argv                        0x00000000   Number         0  el9800appl.o ABSOLUTE
    __ARM_exceptions_init                     - Undefined Weak Reference
    __alloca_initialize                       - Undefined Weak Reference
    __arm_fini_                               - Undefined Weak Reference
    __arm_preinit_                            - Undefined Weak Reference
    __cpp_initialize__aeabi_                  - Undefined Weak Reference
    __cxa_finalize                            - Undefined Weak Reference
    __rt_locale                               - Undefined Weak Reference
    __sigvec_lookup                           - Undefined Weak Reference
    __user_heap_extent                        - Undefined Weak Reference
    _atexit_init                              - Undefined Weak Reference
    _call_atexit_fns                          - Undefined Weak Reference
    _clock_init                               - Undefined Weak Reference
    _fp_trap_init                             - Undefined Weak Reference
    _fp_trap_shutdown                         - Undefined Weak Reference
    _get_lc_collate                           - Undefined Weak Reference
    _get_lc_ctype                             - Undefined Weak Reference
    _get_lc_monetary                          - Undefined Weak Reference
    _get_lc_numeric                           - Undefined Weak Reference
    _get_lc_time                              - Undefined Weak Reference
    _getenv_init                              - Undefined Weak Reference
    _handle_redirection                       - Undefined Weak Reference
    _initio                                   - Undefined Weak Reference
    _mutex_acquire                            - Undefined Weak Reference
    _mutex_free                               - Undefined Weak Reference
    _mutex_release                            - Undefined Weak Reference
    _rand_init                                - Undefined Weak Reference
    _signal_finish                            - Undefined Weak Reference
    _signal_init                              - Undefined Weak Reference
    _terminateio                              - Undefined Weak Reference
    __Vectors_Size                           0x00000188   Number         0  startup_stm32f40_41xxx.o ABSOLUTE
    __Vectors                                0x08000000   Data           4  startup_stm32f40_41xxx.o(RESET)
    __Vectors_End                            0x08000188   Data           0  startup_stm32f40_41xxx.o(RESET)
    __main                                   0x08000189   Thumb Code     8  __main.o(!!!main)
    __scatterload                            0x08000191   Thumb Code     0  __scatter.o(!!!scatter)
    __scatterload_rt2                        0x08000191   Thumb Code    44  __scatter.o(!!!scatter)
    __scatterload_rt2_thumb_only             0x08000191   Thumb Code     0  __scatter.o(!!!scatter)
    __scatterload_null                       0x0800019f   Thumb Code     0  __scatter.o(!!!scatter)
    __decompress                             0x080001c5   Thumb Code    90  __dczerorl2.o(!!dczerorl2)
    __decompress1                            0x080001c5   Thumb Code     0  __dczerorl2.o(!!dczerorl2)
    __scatterload_zeroinit                   0x08000221   Thumb Code    28  __scatter_zi.o(!!handler_zi)
    __rt_lib_init                            0x0800023d   Thumb Code     0  libinit.o(.ARM.Collect$$libinit$$00000000)
    __rt_lib_init_fp_1                       0x0800023f   Thumb Code     0  libinit2.o(.ARM.Collect$$libinit$$00000001)
    __rt_lib_init_heap_2                     0x08000243   Thumb Code     0  libinit2.o(.ARM.Collect$$libinit$$00000005)
    __rt_lib_init_preinit_1                  0x08000243   Thumb Code     0  libinit2.o(.ARM.Collect$$libinit$$00000004)
    __rt_lib_init_alloca_1                   0x0800024b   Thumb Code     0  libinit2.o(.ARM.Collect$$libinit$$0000002E)
    __rt_lib_init_argv_1                     0x0800024b   Thumb Code     0  libinit2.o(.ARM.Collect$$libinit$$0000002C)
    __rt_lib_init_atexit_1                   0x0800024b   Thumb Code     0  libinit2.o(.ARM.Collect$$libinit$$0000001B)
    __rt_lib_init_clock_1                    0x0800024b   Thumb Code     0  libinit2.o(.ARM.Collect$$libinit$$00000021)
    __rt_lib_init_cpp_1                      0x0800024b   Thumb Code     0  libinit2.o(.ARM.Collect$$libinit$$00000032)
    __rt_lib_init_exceptions_1               0x0800024b   Thumb Code     0  libinit2.o(.ARM.Collect$$libinit$$00000030)
    __rt_lib_init_fp_trap_1                  0x0800024b   Thumb Code     0  libinit2.o(.ARM.Collect$$libinit$$0000001F)
    __rt_lib_init_getenv_1                   0x0800024b   Thumb Code     0  libinit2.o(.ARM.Collect$$libinit$$00000023)
    __rt_lib_init_heap_1                     0x0800024b   Thumb Code     0  libinit2.o(.ARM.Collect$$libinit$$0000000A)
    __rt_lib_init_lc_collate_1               0x0800024b   Thumb Code     0  libinit2.o(.ARM.Collect$$libinit$$00000011)
    __rt_lib_init_lc_ctype_1                 0x0800024b   Thumb Code     0  libinit2.o(.ARM.Collect$$libinit$$00000013)
    __rt_lib_init_lc_monetary_1              0x0800024b   Thumb Code     0  libinit2.o(.ARM.Collect$$libinit$$00000015)
    __rt_lib_init_lc_numeric_1               0x0800024b   Thumb Code     0  libinit2.o(.ARM.Collect$$libinit$$00000017)
    __rt_lib_init_lc_time_1                  0x0800024b   Thumb Code     0  libinit2.o(.ARM.Collect$$libinit$$00000019)
    __rt_lib_init_rand_1                     0x0800024b   Thumb Code     0  libinit2.o(.ARM.Collect$$libinit$$0000000E)
    __rt_lib_init_return                     0x0800024b   Thumb Code     0  libinit2.o(.ARM.Collect$$libinit$$00000033)
    __rt_lib_init_signal_1                   0x0800024b   Thumb Code     0  libinit2.o(.ARM.Collect$$libinit$$0000001D)
    __rt_lib_init_stdio_1                    0x0800024b   Thumb Code     0  libinit2.o(.ARM.Collect$$libinit$$00000025)
    __rt_lib_init_user_alloc_1               0x0800024b   Thumb Code     0  libinit2.o(.ARM.Collect$$libinit$$0000000C)
    __rt_lib_shutdown                        0x0800024d   Thumb Code     0  libshutdown.o(.ARM.Collect$$libshutdown$$00000000)
    __rt_lib_shutdown_cpp_1                  0x0800024f   Thumb Code     0  libshutdown2.o(.ARM.Collect$$libshutdown$$00000004)
    __rt_lib_shutdown_fini_1                 0x0800024f   Thumb Code     0  libshutdown2.o(.ARM.Collect$$libshutdown$$00000002)
    __rt_lib_shutdown_fp_trap_1              0x0800024f   Thumb Code     0  libshutdown2.o(.ARM.Collect$$libshutdown$$00000009)
    __rt_lib_shutdown_heap_1                 0x0800024f   Thumb Code     0  libshutdown2.o(.ARM.Collect$$libshutdown$$00000011)
    __rt_lib_shutdown_return                 0x0800024f   Thumb Code     0  libshutdown2.o(.ARM.Collect$$libshutdown$$00000012)
    __rt_lib_shutdown_signal_1               0x0800024f   Thumb Code     0  libshutdown2.o(.ARM.Collect$$libshutdown$$0000000C)
    __rt_lib_shutdown_stdio_1                0x0800024f   Thumb Code     0  libshutdown2.o(.ARM.Collect$$libshutdown$$00000006)
    __rt_lib_shutdown_user_alloc_1           0x0800024f   Thumb Code     0  libshutdown2.o(.ARM.Collect$$libshutdown$$0000000E)
    __rt_entry                               0x08000251   Thumb Code     0  __rtentry.o(.ARM.Collect$$rtentry$$00000000)
    __rt_entry_presh_1                       0x08000251   Thumb Code     0  __rtentry2.o(.ARM.Collect$$rtentry$$00000002)
    __rt_entry_sh                            0x08000251   Thumb Code     0  __rtentry4.o(.ARM.Collect$$rtentry$$00000004)
    __rt_entry_li                            0x08000257   Thumb Code     0  __rtentry2.o(.ARM.Collect$$rtentry$$0000000A)
    __rt_entry_postsh_1                      0x08000257   Thumb Code     0  __rtentry2.o(.ARM.Collect$$rtentry$$00000009)
    __rt_entry_main                          0x0800025b   Thumb Code     0  __rtentry2.o(.ARM.Collect$$rtentry$$0000000D)
    __rt_entry_postli_1                      0x0800025b   Thumb Code     0  __rtentry2.o(.ARM.Collect$$rtentry$$0000000C)
    __rt_exit                                0x08000263   Thumb Code     0  rtexit.o(.ARM.Collect$$rtexit$$00000000)
    __rt_exit_ls                             0x08000265   Thumb Code     0  rtexit2.o(.ARM.Collect$$rtexit$$00000003)
    __rt_exit_prels_1                        0x08000265   Thumb Code     0  rtexit2.o(.ARM.Collect$$rtexit$$00000002)
    __rt_exit_exit                           0x08000269   Thumb Code     0  rtexit2.o(.ARM.Collect$$rtexit$$00000004)
    Reset_Handler                            0x08000271   Thumb Code     8  startup_stm32f40_41xxx.o(.text)
    _maybe_terminate_alloc                   0x08000271   Thumb Code     0  maybetermalloc1.o(.emb_text)
    NMI_Handler                              0x08000279   Thumb Code     2  startup_stm32f40_41xxx.o(.text)
    HardFault_Handler                        0x0800027b   Thumb Code     2  startup_stm32f40_41xxx.o(.text)
    MemManage_Handler                        0x0800027d   Thumb Code     2  startup_stm32f40_41xxx.o(.text)
    BusFault_Handler                         0x0800027f   Thumb Code     2  startup_stm32f40_41xxx.o(.text)
    UsageFault_Handler                       0x08000281   Thumb Code     2  startup_stm32f40_41xxx.o(.text)
    SVC_Handler                              0x08000283   Thumb Code     2  startup_stm32f40_41xxx.o(.text)
    DebugMon_Handler                         0x08000285   Thumb Code     2  startup_stm32f40_41xxx.o(.text)
    PendSV_Handler                           0x08000287   Thumb Code     2  startup_stm32f40_41xxx.o(.text)
    SysTick_Handler                          0x08000289   Thumb Code     2  startup_stm32f40_41xxx.o(.text)
    ADC_IRQHandler                           0x0800028b   Thumb Code     0  startup_stm32f40_41xxx.o(.text)
    CAN1_RX0_IRQHandler                      0x0800028b   Thumb Code     0  startup_stm32f40_41xxx.o(.text)
    CAN1_RX1_IRQHandler                      0x0800028b   Thumb Code     0  startup_stm32f40_41xxx.o(.text)
    CAN1_SCE_IRQHandler                      0x0800028b   Thumb Code     0  startup_stm32f40_41xxx.o(.text)
    CAN1_TX_IRQHandler                       0x0800028b   Thumb Code     0  startup_stm32f40_41xxx.o(.text)
    CAN2_RX0_IRQHandler                      0x0800028b   Thumb Code     0  startup_stm32f40_41xxx.o(.text)
    CAN2_RX1_IRQHandler                      0x0800028b   Thumb Code     0  startup_stm32f40_41xxx.o(.text)
    CAN2_SCE_IRQHandler                      0x0800028b   Thumb Code     0  startup_stm32f40_41xxx.o(.text)
    CAN2_TX_IRQHandler                       0x0800028b   Thumb Code     0  startup_stm32f40_41xxx.o(.text)
    CRYP_IRQHandler                          0x0800028b   Thumb Code     0  startup_stm32f40_41xxx.o(.text)
    DCMI_IRQHandler                          0x0800028b   Thumb Code     0  startup_stm32f40_41xxx.o(.text)
    DMA1_Stream0_IRQHandler                  0x0800028b   Thumb Code     0  startup_stm32f40_41xxx.o(.text)
    DMA1_Stream1_IRQHandler                  0x0800028b   Thumb Code     0  startup_stm32f40_41xxx.o(.text)
    DMA1_Stream2_IRQHandler                  0x0800028b   Thumb Code     0  startup_stm32f40_41xxx.o(.text)
    DMA1_Stream3_IRQHandler                  0x0800028b   Thumb Code     0  startup_stm32f40_41xxx.o(.text)
    DMA1_Stream4_IRQHandler                  0x0800028b   Thumb Code     0  startup_stm32f40_41xxx.o(.text)
    DMA1_Stream5_IRQHandler                  0x0800028b   Thumb Code     0  startup_stm32f40_41xxx.o(.text)
    DMA1_Stream6_IRQHandler                  0x0800028b   Thumb Code     0  startup_stm32f40_41xxx.o(.text)
    DMA1_Stream7_IRQHandler                  0x0800028b   Thumb Code     0  startup_stm32f40_41xxx.o(.text)
    DMA2_Stream0_IRQHandler                  0x0800028b   Thumb Code     0  startup_stm32f40_41xxx.o(.text)
    DMA2_Stream1_IRQHandler                  0x0800028b   Thumb Code     0  startup_stm32f40_41xxx.o(.text)
    DMA2_Stream2_IRQHandler                  0x0800028b   Thumb Code     0  startup_stm32f40_41xxx.o(.text)
    DMA2_Stream3_IRQHandler                  0x0800028b   Thumb Code     0  startup_stm32f40_41xxx.o(.text)
    DMA2_Stream4_IRQHandler                  0x0800028b   Thumb Code     0  startup_stm32f40_41xxx.o(.text)
    DMA2_Stream5_IRQHandler                  0x0800028b   Thumb Code     0  startup_stm32f40_41xxx.o(.text)
    DMA2_Stream6_IRQHandler                  0x0800028b   Thumb Code     0  startup_stm32f40_41xxx.o(.text)
    DMA2_Stream7_IRQHandler                  0x0800028b   Thumb Code     0  startup_stm32f40_41xxx.o(.text)
    ETH_IRQHandler                           0x0800028b   Thumb Code     0  startup_stm32f40_41xxx.o(.text)
    ETH_WKUP_IRQHandler                      0x0800028b   Thumb Code     0  startup_stm32f40_41xxx.o(.text)
    EXTI15_10_IRQHandler                     0x0800028b   Thumb Code     0  startup_stm32f40_41xxx.o(.text)
    EXTI2_IRQHandler                         0x0800028b   Thumb Code     0  startup_stm32f40_41xxx.o(.text)
    EXTI3_IRQHandler                         0x0800028b   Thumb Code     0  startup_stm32f40_41xxx.o(.text)
    EXTI4_IRQHandler                         0x0800028b   Thumb Code     0  startup_stm32f40_41xxx.o(.text)
    FLASH_IRQHandler                         0x0800028b   Thumb Code     0  startup_stm32f40_41xxx.o(.text)
    FPU_IRQHandler                           0x0800028b   Thumb Code     0  startup_stm32f40_41xxx.o(.text)
    FSMC_IRQHandler                          0x0800028b   Thumb Code     0  startup_stm32f40_41xxx.o(.text)
    HASH_RNG_IRQHandler                      0x0800028b   Thumb Code     0  startup_stm32f40_41xxx.o(.text)
    I2C1_ER_IRQHandler                       0x0800028b   Thumb Code     0  startup_stm32f40_41xxx.o(.text)
    I2C1_EV_IRQHandler                       0x0800028b   Thumb Code     0  startup_stm32f40_41xxx.o(.text)
    I2C2_ER_IRQHandler                       0x0800028b   Thumb Code     0  startup_stm32f40_41xxx.o(.text)
    I2C2_EV_IRQHandler                       0x0800028b   Thumb Code     0  startup_stm32f40_41xxx.o(.text)
    I2C3_ER_IRQHandler                       0x0800028b   Thumb Code     0  startup_stm32f40_41xxx.o(.text)
    I2C3_EV_IRQHandler                       0x0800028b   Thumb Code     0  startup_stm32f40_41xxx.o(.text)
    OTG_FS_IRQHandler                        0x0800028b   Thumb Code     0  startup_stm32f40_41xxx.o(.text)
    OTG_FS_WKUP_IRQHandler                   0x0800028b   Thumb Code     0  startup_stm32f40_41xxx.o(.text)
    OTG_HS_EP1_IN_IRQHandler                 0x0800028b   Thumb Code     0  startup_stm32f40_41xxx.o(.text)
    OTG_HS_EP1_OUT_IRQHandler                0x0800028b   Thumb Code     0  startup_stm32f40_41xxx.o(.text)
    OTG_HS_IRQHandler                        0x0800028b   Thumb Code     0  startup_stm32f40_41xxx.o(.text)
    OTG_HS_WKUP_IRQHandler                   0x0800028b   Thumb Code     0  startup_stm32f40_41xxx.o(.text)
    PVD_IRQHandler                           0x0800028b   Thumb Code     0  startup_stm32f40_41xxx.o(.text)
    RCC_IRQHandler                           0x0800028b   Thumb Code     0  startup_stm32f40_41xxx.o(.text)
    RTC_Alarm_IRQHandler                     0x0800028b   Thumb Code     0  startup_stm32f40_41xxx.o(.text)
    RTC_WKUP_IRQHandler                      0x0800028b   Thumb Code     0  startup_stm32f40_41xxx.o(.text)
    SDIO_IRQHandler                          0x0800028b   Thumb Code     0  startup_stm32f40_41xxx.o(.text)
    SPI1_IRQHandler                          0x0800028b   Thumb Code     0  startup_stm32f40_41xxx.o(.text)
    SPI2_IRQHandler                          0x0800028b   Thumb Code     0  startup_stm32f40_41xxx.o(.text)
    SPI3_IRQHandler                          0x0800028b   Thumb Code     0  startup_stm32f40_41xxx.o(.text)
    TAMP_STAMP_IRQHandler                    0x0800028b   Thumb Code     0  startup_stm32f40_41xxx.o(.text)
    TIM1_BRK_TIM9_IRQHandler                 0x0800028b   Thumb Code     0  startup_stm32f40_41xxx.o(.text)
    TIM1_CC_IRQHandler                       0x0800028b   Thumb Code     0  startup_stm32f40_41xxx.o(.text)
    TIM1_TRG_COM_TIM11_IRQHandler            0x0800028b   Thumb Code     0  startup_stm32f40_41xxx.o(.text)
    TIM1_UP_TIM10_IRQHandler                 0x0800028b   Thumb Code     0  startup_stm32f40_41xxx.o(.text)
    TIM3_IRQHandler                          0x0800028b   Thumb Code     0  startup_stm32f40_41xxx.o(.text)
    TIM4_IRQHandler                          0x0800028b   Thumb Code     0  startup_stm32f40_41xxx.o(.text)
    TIM5_IRQHandler                          0x0800028b   Thumb Code     0  startup_stm32f40_41xxx.o(.text)
    TIM6_DAC_IRQHandler                      0x0800028b   Thumb Code     0  startup_stm32f40_41xxx.o(.text)
    TIM7_IRQHandler                          0x0800028b   Thumb Code     0  startup_stm32f40_41xxx.o(.text)
    TIM8_BRK_TIM12_IRQHandler                0x0800028b   Thumb Code     0  startup_stm32f40_41xxx.o(.text)
    TIM8_CC_IRQHandler                       0x0800028b   Thumb Code     0  startup_stm32f40_41xxx.o(.text)
    TIM8_TRG_COM_TIM14_IRQHandler            0x0800028b   Thumb Code     0  startup_stm32f40_41xxx.o(.text)
    TIM8_UP_TIM13_IRQHandler                 0x0800028b   Thumb Code     0  startup_stm32f40_41xxx.o(.text)
    UART4_IRQHandler                         0x0800028b   Thumb Code     0  startup_stm32f40_41xxx.o(.text)
    UART5_IRQHandler                         0x0800028b   Thumb Code     0  startup_stm32f40_41xxx.o(.text)
    USART1_IRQHandler                        0x0800028b   Thumb Code     0  startup_stm32f40_41xxx.o(.text)
    USART2_IRQHandler                        0x0800028b   Thumb Code     0  startup_stm32f40_41xxx.o(.text)
    USART3_IRQHandler                        0x0800028b   Thumb Code     0  startup_stm32f40_41xxx.o(.text)
    USART6_IRQHandler                        0x0800028b   Thumb Code     0  startup_stm32f40_41xxx.o(.text)
    WWDG_IRQHandler                          0x0800028b   Thumb Code     0  startup_stm32f40_41xxx.o(.text)
    __user_initial_stackheap                 0x0800028d   Thumb Code     0  startup_stm32f40_41xxx.o(.text)
    malloc                                   0x080002b1   Thumb Code    94  h1_alloc.o(.text)
    free                                     0x0800030f   Thumb Code    78  h1_free.o(.text)
    strlen                                   0x0800035d   Thumb Code    62  strlen.o(.text)
    __aeabi_memcpy                           0x0800039b   Thumb Code     0  rt_memcpy_v6.o(.text)
    __rt_memcpy                              0x0800039b   Thumb Code   138  rt_memcpy_v6.o(.text)
    _memcpy_lastbytes                        0x08000401   Thumb Code     0  rt_memcpy_v6.o(.text)
    __aeabi_memclr                           0x08000425   Thumb Code     0  rt_memclr.o(.text)
    __rt_memclr                              0x08000425   Thumb Code    68  rt_memclr.o(.text)
    _memset                                  0x08000429   Thumb Code     0  rt_memclr.o(.text)
    __use_two_region_memory                  0x08000469   Thumb Code     2  heapauxi.o(.text)
    __rt_heap_escrow                         0x0800046b   Thumb Code     2  heapauxi.o(.text)
    __rt_heap_expand                         0x0800046d   Thumb Code     2  heapauxi.o(.text)
    __rt_heap_descriptor                     0x08000471   Thumb Code     8  rt_heap_descriptor_intlibspace.o(.text)
    __use_no_heap                            0x08000479   Thumb Code     2  hguard.o(.text)
    __heap$guard                             0x0800047b   Thumb Code     2  hguard.o(.text)
    _terminate_user_alloc                    0x0800047d   Thumb Code     2  init_alloc.o(.text)
    _init_user_alloc                         0x0800047f   Thumb Code     2  init_alloc.o(.text)
    __Heap_Full                              0x08000481   Thumb Code    34  init_alloc.o(.text)
    __Heap_Broken                            0x080004a3   Thumb Code     6  init_alloc.o(.text)
    _init_alloc                              0x080004a9   Thumb Code    94  init_alloc.o(.text)
    __Heap_Initialize                        0x08000507   Thumb Code    10  h1_init.o(.text)
    __Heap_DescSize                          0x08000511   Thumb Code     4  h1_init.o(.text)
    __aeabi_memcpy4                          0x08000515   Thumb Code     0  rt_memcpy_w.o(.text)
    __aeabi_memcpy8                          0x08000515   Thumb Code     0  rt_memcpy_w.o(.text)
    __rt_memcpy_w                            0x08000515   Thumb Code   100  rt_memcpy_w.o(.text)
    _memcpy_lastbytes_aligned                0x0800055d   Thumb Code     0  rt_memcpy_w.o(.text)
    __aeabi_memclr4                          0x08000579   Thumb Code     0  rt_memclr_w.o(.text)
    __aeabi_memclr8                          0x08000579   Thumb Code     0  rt_memclr_w.o(.text)
    __rt_memclr_w                            0x08000579   Thumb Code    78  rt_memclr_w.o(.text)
    _memset_w                                0x0800057d   Thumb Code     0  rt_memclr_w.o(.text)
    __user_libspace                          0x080005c9   Thumb Code     8  libspace.o(.text)
    __user_perproc_libspace                  0x080005c9   Thumb Code     0  libspace.o(.text)
    __user_perthread_libspace                0x080005c9   Thumb Code     0  libspace.o(.text)
    __Heap_ProvideMemory                     0x080005d1   Thumb Code    52  h1_extend.o(.text)
    __rt_SIGRTMEM                            0x08000605   Thumb Code    14  defsig_rtmem_outer.o(.text)
    __I$use$semihosting                      0x08000613   Thumb Code     0  use_no_semi.o(.text)
    __use_no_semihosting_swi                 0x08000613   Thumb Code     2  use_no_semi.o(.text)
    __semihosting_library_function           0x08000615   Thumb Code     0  indicate_semi.o(.text)
    __user_setup_stackheap                   0x08000615   Thumb Code    74  sys_stackheap_outer.o(.text)
    exit                                     0x0800065f   Thumb Code    18  exit.o(.text)
    __sig_exit                               0x08000671   Thumb Code    10  defsig_exit.o(.text)
    __rt_SIGRTMEM_inner                      0x0800067d   Thumb Code    22  defsig_rtmem_inner.o(.text)
    _sys_exit                                0x080006cd   Thumb Code     8  sys_exit.o(.text)
    __default_signal_display                 0x080006d9   Thumb Code    50  defsig_general.o(.text)
    _ttywrch                                 0x0800070b   Thumb Code    14  sys_wrch.o(.text)
    ADC_Cmd                                  0x08000719   Thumb Code    22  stm32f4xx_adc.o(i.ADC_Cmd)
    ADC_CommonInit                           0x08000731   Thumb Code    34  stm32f4xx_adc.o(i.ADC_CommonInit)
    ADC_Configuration                        0x08000761   Thumb Code   242  adc1.o(i.ADC_Configuration)
    ADC_DMACmd                               0x08000865   Thumb Code    22  stm32f4xx_adc.o(i.ADC_DMACmd)
    ADC_DMARequestAfterLastTransferCmd       0x0800087b   Thumb Code    22  stm32f4xx_adc.o(i.ADC_DMARequestAfterLastTransferCmd)
    ADC_Init                                 0x08000891   Thumb Code    74  stm32f4xx_adc.o(i.ADC_Init)
    ADC_RegularChannelConfig                 0x080008e5   Thumb Code   184  stm32f4xx_adc.o(i.ADC_RegularChannelConfig)
    ADC_SoftwareStartConv                    0x0800099d   Thumb Code    10  stm32f4xx_adc.o(i.ADC_SoftwareStartConv)
    AL_ControlInd                            0x080009a9   Thumb Code  1104  ecatslv.o(i.AL_ControlInd)
    AL_ControlRes                            0x08000e01   Thumb Code   470  ecatslv.o(i.AL_ControlRes)
    APPL_AckErrorInd                         0x08001019   Thumb Code     2  el9800appl.o(i.APPL_AckErrorInd)
    APPL_Application                         0x0800101d   Thumb Code   352  el9800appl.o(i.APPL_Application)
    APPL_GenerateMapping                     0x080011a1   Thumb Code   234  el9800appl.o(i.APPL_GenerateMapping)
    APPL_InputMapping                        0x08001295   Thumb Code    86  el9800appl.o(i.APPL_InputMapping)
    APPL_OutputMapping                       0x080012f9   Thumb Code    54  el9800appl.o(i.APPL_OutputMapping)
    APPL_StartInputHandler                   0x08001339   Thumb Code     6  el9800appl.o(i.APPL_StartInputHandler)
    APPL_StartMailboxHandler                 0x0800133f   Thumb Code     4  el9800appl.o(i.APPL_StartMailboxHandler)
    APPL_StartOutputHandler                  0x08001343   Thumb Code     4  el9800appl.o(i.APPL_StartOutputHandler)
    APPL_StopInputHandler                    0x08001347   Thumb Code     4  el9800appl.o(i.APPL_StopInputHandler)
    APPL_StopMailboxHandler                  0x0800134b   Thumb Code     4  el9800appl.o(i.APPL_StopMailboxHandler)
    APPL_StopOutputHandler                   0x08001351   Thumb Code   190  el9800appl.o(i.APPL_StopOutputHandler)
    AddObjectsToObjDictionary                0x08001421   Thumb Code    40  coeappl.o(i.AddObjectsToObjDictionary)
    BackToInitTransition                     0x0800147d   Thumb Code     8  ecatslv.o(i.BackToInitTransition)
    COE_AddObjectToDic                       0x08001489   Thumb Code   140  coeappl.o(i.COE_AddObjectToDic)
    COE_ClearObjDictionary                   0x08001519   Thumb Code    32  coeappl.o(i.COE_ClearObjDictionary)
    COE_ContinueInd                          0x0800153d   Thumb Code    64  ecatcoe.o(i.COE_ContinueInd)
    COE_GetObjectDictionary                  0x08001585   Thumb Code     6  coeappl.o(i.COE_GetObjectDictionary)
    COE_Init                                 0x08001591   Thumb Code    12  ecatcoe.o(i.COE_Init)
    COE_Main                                 0x080015a5   Thumb Code   154  coeappl.o(i.COE_Main)
    COE_ObjDictionaryInit                    0x08001661   Thumb Code    36  coeappl.o(i.COE_ObjDictionaryInit)
    COE_ObjInit                              0x08001691   Thumb Code   132  coeappl.o(i.COE_ObjInit)
    COE_RemoveDicEntry                       0x08001745   Thumb Code    62  coeappl.o(i.COE_RemoveDicEntry)
    COE_ServiceInd                           0x08001789   Thumb Code    72  ecatcoe.o(i.COE_ServiceInd)
    CheckIfEcatError                         0x080017d1   Thumb Code   120  ecatslv.o(i.CheckIfEcatError)
    CheckSmSettings                          0x08001865   Thumb Code   702  ecatslv.o(i.CheckSmSettings)
    CheckSyncTypeValue                       0x08001b4d   Thumb Code   242  objdef.o(i.CheckSyncTypeValue)
    DC_CheckWatchdog                         0x08001c51   Thumb Code   208  ecatslv.o(i.DC_CheckWatchdog)
    DMA_Cmd                                  0x08001d4d   Thumb Code    22  stm32f4xx_dma.o(i.DMA_Cmd)
    DMA_Init                                 0x08001d65   Thumb Code    82  stm32f4xx_dma.o(i.DMA_Init)
    DisableSyncManChannel                    0x08001dbd   Thumb Code    52  ecatslv.o(i.DisableSyncManChannel)
    ECAT_Application                         0x08001df1   Thumb Code     8  ecatappl.o(i.ECAT_Application)
    ECAT_CheckTimer                          0x08001df9   Thumb Code    52  ecatappl.o(i.ECAT_CheckTimer)
    ECAT_Init                                0x08001e3d   Thumb Code   196  ecatslv.o(i.ECAT_Init)
    ECAT_Main                                0x08001f59   Thumb Code   324  ecatslv.o(i.ECAT_Main)
    EXTI0_Configuration                      0x080020b5   Thumb Code   116  exit.o(i.EXTI0_Configuration)
    EXTI0_IRQHandler                         0x0800212d   Thumb Code    14  el9800hw.o(i.EXTI0_IRQHandler)
    EXTI1_Configuration                      0x0800213d   Thumb Code   116  exit.o(i.EXTI1_Configuration)
    EXTI1_IRQHandler                         0x080021b5   Thumb Code    14  el9800hw.o(i.EXTI1_IRQHandler)
    EXTI8_Configuration                      0x080021c5   Thumb Code   122  exit.o(i.EXTI8_Configuration)
    EXTI9_5_IRQHandler                       0x08002245   Thumb Code    16  el9800hw.o(i.EXTI9_5_IRQHandler)
    EXTI_ClearITPendingBit                   0x08002255   Thumb Code     6  stm32f4xx_exti.o(i.EXTI_ClearITPendingBit)
    EXTI_Init                                0x08002261   Thumb Code   142  stm32f4xx_exti.o(i.EXTI_Init)
    EnableSyncManChannel                     0x080022f5   Thumb Code    50  ecatslv.o(i.EnableSyncManChannel)
    GPIO_Config                              0x08002329   Thumb Code   146  el9800hw.o(i.GPIO_Config)
    GPIO_Init                                0x080023c5   Thumb Code   144  stm32f4xx_gpio.o(i.GPIO_Init)
    GPIO_PinAFConfig                         0x08002455   Thumb Code    70  stm32f4xx_gpio.o(i.GPIO_PinAFConfig)
    GPIO_ResetBits                           0x0800249b   Thumb Code     4  stm32f4xx_gpio.o(i.GPIO_ResetBits)
    GPIO_SetBits                             0x0800249f   Thumb Code     4  stm32f4xx_gpio.o(i.GPIO_SetBits)
    GetOutOfMbxQueue                         0x080024d5   Thumb Code    46  mailbox.o(i.GetOutOfMbxQueue)
    GetSyncMan                               0x08002505   Thumb Code    24  ecatslv.o(i.GetSyncMan)
    HW_EscRead                               0x08002521   Thumb Code    70  el9800hw.o(i.HW_EscRead)
    HW_EscReadIsr                            0x0800256d   Thumb Code    76  el9800hw.o(i.HW_EscReadIsr)
    HW_EscWrite                              0x080025bd   Thumb Code    70  el9800hw.o(i.HW_EscWrite)
    HW_EscWriteIsr                           0x08002609   Thumb Code    62  el9800hw.o(i.HW_EscWriteIsr)
    HW_GetALEventRegister                    0x0800264d   Thumb Code    12  el9800hw.o(i.HW_GetALEventRegister)
    HW_GetALEventRegister_Isr                0x0800265d   Thumb Code    12  el9800hw.o(i.HW_GetALEventRegister_Isr)
    HW_Init                                  0x0800266d   Thumb Code   120  el9800hw.o(i.HW_Init)
    HW_Release                               0x080026e5   Thumb Code     2  el9800hw.o(i.HW_Release)
    HandleBusCycleCalculation                0x080026e9   Thumb Code   140  ecatappl.o(i.HandleBusCycleCalculation)
    MBX_CheckAndCopyMailbox                  0x08002801   Thumb Code   250  mailbox.o(i.MBX_CheckAndCopyMailbox)
    MBX_CopyToSendMailbox                    0x0800291d   Thumb Code   186  mailbox.o(i.MBX_CopyToSendMailbox)
    MBX_Init                                 0x080029fd   Thumb Code   136  mailbox.o(i.MBX_Init)
    MBX_MailboxReadInd                       0x08002ac9   Thumb Code   140  mailbox.o(i.MBX_MailboxReadInd)
    MBX_MailboxRepeatReq                     0x08002b71   Thumb Code    82  mailbox.o(i.MBX_MailboxRepeatReq)
    MBX_MailboxSendReq                       0x08002bd9   Thumb Code   132  mailbox.o(i.MBX_MailboxSendReq)
    MBX_MailboxWriteInd                      0x08002c6d   Thumb Code   116  mailbox.o(i.MBX_MailboxWriteInd)
    MBX_Main                                 0x08002ce9   Thumb Code    70  mailbox.o(i.MBX_Main)
    MBX_StartMailboxHandler                  0x08002d39   Thumb Code   166  mailbox.o(i.MBX_StartMailboxHandler)
    MBX_StopMailboxHandler                   0x08002df9   Thumb Code   222  mailbox.o(i.MBX_StopMailboxHandler)
    MailboxServiceInd                        0x08002f09   Thumb Code    34  mailbox.o(i.MailboxServiceInd)
    MainInit                                 0x08002f2d   Thumb Code    36  ecatappl.o(i.MainInit)
    MainLoop                                 0x08002f61   Thumb Code   158  ecatappl.o(i.MainLoop)
    NVIC_Init                                0x08003065   Thumb Code   106  misc.o(i.NVIC_Init)
    NVIC_PriorityGroupConfig                 0x080030dd   Thumb Code    10  misc.o(i.NVIC_PriorityGroupConfig)
    OBJ_CopyNumberToString                   0x080030f1   Thumb Code    60  objdef.o(i.OBJ_CopyNumberToString)
    OBJ_GetDesc                              0x0800312d   Thumb Code   200  objdef.o(i.OBJ_GetDesc)
    OBJ_GetEntryDesc                         0x080031f9   Thumb Code    38  objdef.o(i.OBJ_GetEntryDesc)
    OBJ_GetEntryOffset                       0x0800321f   Thumb Code   262  objdef.o(i.OBJ_GetEntryOffset)
    OBJ_GetNoOfObjects                       0x08003325   Thumb Code   100  objdef.o(i.OBJ_GetNoOfObjects)
    OBJ_GetObjDesc                           0x08003389   Thumb Code     8  objdef.o(i.OBJ_GetObjDesc)
    OBJ_GetObjectHandle                      0x08003391   Thumb Code    32  objdef.o(i.OBJ_GetObjectHandle)
    OBJ_GetObjectLength                      0x080033b1   Thumb Code   150  objdef.o(i.OBJ_GetObjectLength)
    OBJ_GetObjectList                        0x08003449   Thumb Code   184  objdef.o(i.OBJ_GetObjectList)
    OBJ_Read                                 0x08003505   Thumb Code  1144  objdef.o(i.OBJ_Read)
    OBJ_Write                                0x0800397d   Thumb Code  1214  objdef.o(i.OBJ_Write)
    PDI_Isr                                  0x08003e3d   Thumb Code   240  ecatappl.o(i.PDI_Isr)
    PDO_InputMapping                         0x08003f5d   Thumb Code    24  ecatappl.o(i.PDO_InputMapping)
    PDO_OutputMapping                        0x08003f81   Thumb Code    24  ecatappl.o(i.PDO_OutputMapping)
    PutInMbxQueue                            0x08003fa5   Thumb Code    44  mailbox.o(i.PutInMbxQueue)
    RCC_AHB1PeriphClockCmd                   0x08003fd1   Thumb Code    26  stm32f4xx_rcc.o(i.RCC_AHB1PeriphClockCmd)
    RCC_APB1PeriphClockCmd                   0x08003ff1   Thumb Code    26  stm32f4xx_rcc.o(i.RCC_APB1PeriphClockCmd)
    RCC_APB1PeriphResetCmd                   0x08004011   Thumb Code    26  stm32f4xx_rcc.o(i.RCC_APB1PeriphResetCmd)
    RCC_APB2PeriphClockCmd                   0x08004031   Thumb Code    26  stm32f4xx_rcc.o(i.RCC_APB2PeriphClockCmd)
    RCC_APB2PeriphResetCmd                   0x08004051   Thumb Code    26  stm32f4xx_rcc.o(i.RCC_APB2PeriphResetCmd)
    ReadObject0x1802                         0x08004071   Thumb Code    98  el9800appl.o(i.ReadObject0x1802)
    ResetALEventMask                         0x080040dd   Thumb Code    50  ecatslv.o(i.ResetALEventMask)
    SDOS_SdoInd                              0x08004111   Thumb Code  1010  sdoserv.o(i.SDOS_SdoInd)
    SDOS_SdoInfoInd                          0x08004559   Thumb Code   712  sdoserv.o(i.SDOS_SdoInfoInd)
    SDOS_SdoRes                              0x0800483d   Thumb Code   194  sdoserv.o(i.SDOS_SdoRes)
    SPI1_GPIO_Init                           0x08004929   Thumb Code   158  spi1.o(i.SPI1_GPIO_Init)
    SPI1_Init                                0x080049d1   Thumb Code    82  spi1.o(i.SPI1_Init)
    SPI_Cmd                                  0x08004a29   Thumb Code    24  stm32f4xx_spi.o(i.SPI_Cmd)
    SPI_I2S_DeInit                           0x08004a41   Thumb Code   152  stm32f4xx_spi.o(i.SPI_I2S_DeInit)
    SPI_I2S_GetFlagStatus                    0x08004af1   Thumb Code    18  stm32f4xx_spi.o(i.SPI_I2S_GetFlagStatus)
    SPI_I2S_ReceiveData                      0x08004b03   Thumb Code     6  stm32f4xx_spi.o(i.SPI_I2S_ReceiveData)
    SPI_I2S_SendData                         0x08004b09   Thumb Code     4  stm32f4xx_spi.o(i.SPI_I2S_SendData)
    SPI_Init                                 0x08004b0d   Thumb Code    60  stm32f4xx_spi.o(i.SPI_Init)
    SYSCFG_EXTILineConfig                    0x08004b49   Thumb Code    60  stm32f4xx_syscfg.o(i.SYSCFG_EXTILineConfig)
    SdoRes                                   0x08004e2d   Thumb Code   210  sdoserv.o(i.SdoRes)
    SetALEventMask                           0x080050a9   Thumb Code    50  ecatslv.o(i.SetALEventMask)
    SetALStatus                              0x080050dd   Thumb Code    72  ecatslv.o(i.SetALStatus)
    StartInputHandler                        0x08005211   Thumb Code  1488  ecatslv.o(i.StartInputHandler)
    StartOutputHandler                       0x08005821   Thumb Code    36  ecatslv.o(i.StartOutputHandler)
    StopInputHandler                         0x08005859   Thumb Code   126  ecatslv.o(i.StopInputHandler)
    StopOutputHandler                        0x08005929   Thumb Code    12  ecatslv.o(i.StopOutputHandler)
    Sync0_Isr                                0x0800593d   Thumb Code   246  ecatappl.o(i.Sync0_Isr)
    Sync1_Isr                                0x08005a6d   Thumb Code    40  ecatappl.o(i.Sync1_Isr)
    SystemInit                               0x08005aa9   Thumb Code    88  system_stm32f4xx.o(i.SystemInit)
    TIM2_IRQHandler                          0x08005b11   Thumb Code    38  el9800hw.o(i.TIM2_IRQHandler)
    TIM_ClearFlag                            0x08005b3d   Thumb Code     6  stm32f4xx_tim.o(i.TIM_ClearFlag)
    TIM_ClearITPendingBit                    0x08005b43   Thumb Code     6  stm32f4xx_tim.o(i.TIM_ClearITPendingBit)
    TIM_Cmd                                  0x08005b49   Thumb Code    24  stm32f4xx_tim.o(i.TIM_Cmd)
    TIM_Configuration                        0x08005b61   Thumb Code   116  timer.o(i.TIM_Configuration)
    TIM_DeInit                               0x08005bd5   Thumb Code   346  stm32f4xx_tim.o(i.TIM_DeInit)
    TIM_ITConfig                             0x08005d65   Thumb Code    18  stm32f4xx_tim.o(i.TIM_ITConfig)
    TIM_TimeBaseInit                         0x08005d79   Thumb Code   104  stm32f4xx_tim.o(i.TIM_TimeBaseInit)
    UpdateEEPROMLoadedState                  0x08005dfd   Thumb Code    64  ecatslv.o(i.UpdateEEPROMLoadedState)
    WR_CMD                                   0x08005e41   Thumb Code    52  spi1.o(i.WR_CMD)
    main                                     0x08005e79   Thumb Code    38  el9800appl.o(i.main)
    _fp_init                                 0x08005ea5   Thumb Code    10  fpinit.o(x$fpl$fpinit)
    __fplib_config_fpu_vfp                   0x08005ead   Thumb Code     0  fpinit.o(x$fpl$fpinit)
    __fplib_config_pureend_doubles           0x08005ead   Thumb Code     0  fpinit.o(x$fpl$fpinit)
    cBitMask                                 0x08005eae   Data          32  objdef.o(.constdata)
    cAbortCode                               0x08005ed0   Data         120  sdoserv.o(.constdata)
    asPDOAssignEntryDesc                     0x08005f48   Data          12  coeappl.o(.constdata)
    asEntryDesc0x0800                        0x08005f54   Data          18  coeappl.o(.constdata)
    asEntryDesc0x1601                        0x08005f66   Data          60  coeappl.o(.constdata)
    aName0x1601                              0x08005fa2   Data          15  coeappl.o(.constdata)
    asEntryDesc0x1802                        0x08005fb2   Data          60  coeappl.o(.constdata)
    aName0x1802                              0x08005fee   Data          63  coeappl.o(.constdata)
    asEntryDesc0x1A00                        0x0800602e   Data          60  coeappl.o(.constdata)
    aName0x1A00                              0x0800606a   Data          15  coeappl.o(.constdata)
    asEntryDesc0x1A02                        0x0800607a   Data          54  coeappl.o(.constdata)
    aName0x1A02                              0x080060b0   Data          15  coeappl.o(.constdata)
    aName0x1C12                              0x080060bf   Data          13  coeappl.o(.constdata)
    aName0x1C13                              0x080060cc   Data          13  coeappl.o(.constdata)
    asEntryDesc0x6000                        0x080060da   Data          60  coeappl.o(.constdata)
    aName0x6000                              0x08006116   Data          85  coeappl.o(.constdata)
    asEntryDesc0x6020                        0x0800616c   Data         108  coeappl.o(.constdata)
    aName0x6020                              0x080061d8   Data          95  coeappl.o(.constdata)
    asEntryDesc0x7010                        0x08006238   Data          60  coeappl.o(.constdata)
    aName0x7010                              0x08006274   Data          62  coeappl.o(.constdata)
    asEntryDesc0x8020                        0x080062b2   Data         126  coeappl.o(.constdata)
    aName0x8020                              0x08006330   Data         115  coeappl.o(.constdata)
    asEntryDesc0xF000                        0x080063a4   Data          18  coeappl.o(.constdata)
    aName0xF000                              0x080063b6   Data          73  coeappl.o(.constdata)
    asEntryDesc0xF010                        0x08006400   Data          24  coeappl.o(.constdata)
    aName0xF010                              0x08006418   Data          20  coeappl.o(.constdata)
    sEntryDesc0x1000                         0x0800642c   Data           6  coeappl.o(.constdata)
    aName0x1000                              0x08006432   Data          12  coeappl.o(.constdata)
    sEntryDesc0x1001                         0x0800643e   Data           6  coeappl.o(.constdata)
    aName0x1001                              0x08006444   Data          15  coeappl.o(.constdata)
    sEntryDesc0x1008                         0x08006454   Data           6  coeappl.o(.constdata)
    aName0x1008                              0x0800645a   Data          12  coeappl.o(.constdata)
    sEntryDesc0x1009                         0x08006466   Data           6  coeappl.o(.constdata)
    aName0x1009                              0x0800646c   Data          17  coeappl.o(.constdata)
    sEntryDesc0x100A                         0x0800647e   Data           6  coeappl.o(.constdata)
    aName0x100A                              0x08006484   Data          17  coeappl.o(.constdata)
    asEntryDesc0x1018                        0x08006496   Data          30  coeappl.o(.constdata)
    aName0x1018                              0x080064b4   Data          57  coeappl.o(.constdata)
    asEntryDesc0x10F1                        0x080064ee   Data          18  coeappl.o(.constdata)
    aName0x10F1                              0x08006500   Data          63  coeappl.o(.constdata)
    asEntryDesc0x1C00                        0x08006540   Data          12  coeappl.o(.constdata)
    aName0x1C00                              0x0800654c   Data          18  coeappl.o(.constdata)
    asEntryDesc0x1C3x                        0x0800655e   Data         198  coeappl.o(.constdata)
    aName0x1C32                              0x08006624   Data         256  coeappl.o(.constdata)
    aName0x1C33                              0x08006724   Data         255  coeappl.o(.constdata)
    Region$$Table$$Base                      0x08006824   Number         0  anon$$obj.o(Region$$Table)
    Region$$Table$$Limit                     0x08006844   Number         0  anon$$obj.o(Region$$Table)
    pCoeSendStored                           0x20000000   Data           4  ecatcoe.o(.data)
    bEcatOutputUpdateRunning                 0x20000004   Data           1  ecatslv.o(.data)
    bEcatInputUpdateRunning                  0x20000005   Data           1  ecatslv.o(.data)
    bEcatFirstOutputsReceived                0x20000006   Data           1  ecatslv.o(.data)
    bWdTrigger                               0x20000007   Data           1  ecatslv.o(.data)
    bDcSyncActive                            0x20000008   Data           1  ecatslv.o(.data)
    EsmTimeoutCounter                        0x2000000a   Data           2  ecatslv.o(.data)
    bDcRunning                               0x2000000c   Data           1  ecatslv.o(.data)
    u16SmSync0Counter                        0x2000000e   Data           2  ecatslv.o(.data)
    u16SmSync0Value                          0x20000010   Data           2  ecatslv.o(.data)
    bSmSyncSequenceValid                     0x20000012   Data           1  ecatslv.o(.data)
    i16WaitForPllRunningTimeout              0x20000014   Data           2  ecatslv.o(.data)
    i16WaitForPllRunningCnt                  0x20000016   Data           2  ecatslv.o(.data)
    Sync0WdCounter                           0x20000018   Data           2  ecatslv.o(.data)
    Sync0WdValue                             0x2000001a   Data           2  ecatslv.o(.data)
    Sync1WdCounter                           0x2000001c   Data           2  ecatslv.o(.data)
    Sync1WdValue                             0x2000001e   Data           2  ecatslv.o(.data)
    LatchInputSync0Value                     0x20000020   Data           2  ecatslv.o(.data)
    LatchInputSync0Counter                   0x20000022   Data           2  ecatslv.o(.data)
    bEscIntEnabled                           0x20000024   Data           1  ecatslv.o(.data)
    b3BufferMode                             0x20000025   Data           1  ecatslv.o(.data)
    bLocalErrorFlag                          0x20000026   Data           1  ecatslv.o(.data)
    u16LocalErrorCode                        0x20000028   Data           2  ecatslv.o(.data)
    bApplEsmPending                          0x2000002a   Data           1  ecatslv.o(.data)
    bEcatWaitForAlControlRes                 0x2000002b   Data           1  ecatslv.o(.data)
    nEcatStateTrans                          0x2000002c   Data           2  ecatslv.o(.data)
    nPdInputSize                             0x2000002e   Data           2  ecatslv.o(.data)
    nPdOutputSize                            0x20000030   Data           2  ecatslv.o(.data)
    nMaxSyncMan                              0x20000032   Data           1  ecatslv.o(.data)
    nMaxEscAddress                           0x20000034   Data           2  ecatslv.o(.data)
    nAlStatus                                0x20000036   Data           1  ecatslv.o(.data)
    EcatWdValue                              0x20000038   Data           2  ecatslv.o(.data)
    nEscAddrOutputData                       0x2000003a   Data           2  ecatslv.o(.data)
    nEscAddrInputData                        0x2000003c   Data           2  ecatslv.o(.data)
    u16ALEventMask                           0x2000003e   Data           2  ecatslv.o(.data)
    u16dummy                                 0x20000040   Data           2  ecatslv.o(.data)
    SMActivate                               0x20000042   Data           2  ecatslv.o(.data)
    SyncManInfo                              0x20000044   Data           8  ecatslv.o(.data)
    EepromLoaded                             0x2000004c   Data           1  ecatslv.o(.data)
    bReceiveMbxIsLocked                      0x20000050   Data           1  mailbox.o(.data)
    bSendMbxIsFull                           0x20000051   Data           1  mailbox.o(.data)
    bMbxRunning                              0x20000052   Data           1  mailbox.o(.data)
    bMbxRepeatToggle                         0x20000053   Data           1  mailbox.o(.data)
    u16SendMbxSize                           0x20000054   Data           2  mailbox.o(.data)
    u16ReceiveMbxSize                        0x20000056   Data           2  mailbox.o(.data)
    u16EscAddrReceiveMbx                     0x20000058   Data           2  mailbox.o(.data)
    u16EscAddrSendMbx                        0x2000005a   Data           2  mailbox.o(.data)
    u8MbxWriteCounter                        0x2000005c   Data           1  mailbox.o(.data)
    u8MbxReadCounter                         0x2000005d   Data           1  mailbox.o(.data)
    u8MailboxSendReqStored                   0x2000005e   Data           1  mailbox.o(.data)
    psWriteMbx                               0x20000060   Data           4  mailbox.o(.data)
    psReadMbx                                0x20000064   Data           4  mailbox.o(.data)
    psRepeatMbx                              0x20000068   Data           4  mailbox.o(.data)
    psStoreMbx                               0x2000006c   Data           4  mailbox.o(.data)
    bNoMbxMemoryAvailable                    0x20000070   Data           1  mailbox.o(.data)
    bSyncSetByUser                           0x20000074   Data           1  objdef.o(.data)
    sCycleDiag                               0x20000076   Data           2  objdef.o(.data)
    sErrorSettings                           0x20000078   Data          12  objdef.o(.data)
    aSubindexDesc                            0x20000084   Data          13  objdef.o(.data)
    u8PendingSdo                             0x20000094   Data           1  sdoserv.o(.data)
    bStoreCompleteAccess                     0x20000095   Data           1  sdoserv.o(.data)
    u8StoreSubindex                          0x20000096   Data           1  sdoserv.o(.data)
    u16StoreIndex                            0x20000098   Data           2  sdoserv.o(.data)
    u32StoreDataSize                         0x2000009c   Data           4  sdoserv.o(.data)
    pStoreData                               0x200000a0   Data           4  sdoserv.o(.data)
    pSdoPendFunc                             0x200000a4   Data           4  sdoserv.o(.data)
    pSdoSegData                              0x200000a8   Data           4  sdoserv.o(.data)
    nSdoInfoFragmentsLeft                    0x200000ac   Data           2  sdoserv.o(.data)
    nSdoInfoIndex                            0x200000ae   Data           2  sdoserv.o(.data)
    pSdoInfoObjEntry                         0x200000b0   Data           4  sdoserv.o(.data)
    pSdoResStored                            0x200000b4   Data           4  sdoserv.o(.data)
    bSdoInWork                               0x200000b8   Data           1  sdoserv.o(.data)
    nSdoSegService                           0x200000b9   Data           1  sdoserv.o(.data)
    bSdoSegFollows                           0x200000ba   Data           1  sdoserv.o(.data)
    bSdoSegAccess                            0x200000bb   Data           1  sdoserv.o(.data)
    nSdoSegIndex                             0x200000bc   Data           2  sdoserv.o(.data)
    nSdoSegSubindex                          0x200000be   Data           1  sdoserv.o(.data)
    nSdoSegBytesToHandle                     0x200000c0   Data           4  sdoserv.o(.data)
    bSdoSegLastToggle                        0x200000c4   Data           1  sdoserv.o(.data)
    nSdoSegCompleteSize                      0x200000c8   Data           4  sdoserv.o(.data)
    pSdoSegObjEntry                          0x200000cc   Data           4  sdoserv.o(.data)
    sEnum0800_Value00                        0x200000d0   Data          24  coeappl.o(.data)
    sEnum0800_Value01                        0x200000e8   Data          26  coeappl.o(.data)
    apEnum0800                               0x20000104   Data           8  coeappl.o(.data)
    ApplicationObjDic                        0x2000010c   Data         560  coeappl.o(.data)
    u32Devicetype                            0x2000033c   Data           4  coeappl.o(.data)
    u16ErrorRegister                         0x20000340   Data           2  coeappl.o(.data)
    acDevicename                             0x20000342   Data          11  coeappl.o(.data)
    acHardwareversion                        0x2000034d   Data           5  coeappl.o(.data)
    acSoftwareversion                        0x20000352   Data           5  coeappl.o(.data)
    sIdentity                                0x20000358   Data          20  coeappl.o(.data)
    sSyncmanagertype                         0x2000036c   Data           6  coeappl.o(.data)
    ObjDicList                               0x20000374   Data           4  coeappl.o(.data)
    GenObjDic                                0x20000378   Data         440  coeappl.o(.data)
    bEcatWaitForInputUpdate                  0x20000530   Data           1  ecatappl.o(.data)
    bEtherCATRunLed                          0x20000531   Data           1  ecatappl.o(.data)
    bEtherCATErrorLed                        0x20000532   Data           1  ecatappl.o(.data)
    bRunApplication                          0x20000533   Data           1  ecatappl.o(.data)
    pAPPL_EEPROM_Read                        0x20000534   Data           4  ecatappl.o(.data)
    pAPPL_EEPROM_Write                       0x20000538   Data           4  ecatappl.o(.data)
    pAPPL_EEPROM_Reload                      0x2000053c   Data           4  ecatappl.o(.data)
    u16BusCycleCntMs                         0x20000540   Data           2  ecatappl.o(.data)
    StartTimerCnt                            0x20000544   Data           4  ecatappl.o(.data)
    bCycleTimeMeasurementStarted             0x20000548   Data           1  ecatappl.o(.data)
    bInitFinished                            0x20000549   Data           1  ecatappl.o(.data)
    sDORxPDOMap                              0x2000054c   Data          40  el9800appl.o(.data)
    TxPDO1802Subindex0                       0x20000574   Data           2  el9800appl.o(.data)
    sDITxPDOMap                              0x20000578   Data          40  el9800appl.o(.data)
    sAITxPDOMap                              0x200005a0   Data          36  el9800appl.o(.data)
    sRxPDOassign                             0x200005c4   Data           4  el9800appl.o(.data)
    sTxPDOassign                             0x200005c8   Data           6  el9800appl.o(.data)
    sDIInputs                                0x200005ce   Data           4  el9800appl.o(.data)
    sAIInputs                                0x200005d4   Data           8  el9800appl.o(.data)
    sDOOutputs                               0x200005dc   Data           4  el9800appl.o(.data)
    sAISettings                              0x200005e0   Data          16  el9800appl.o(.data)
    sModulardeviceprofile                    0x200005f0   Data           6  el9800appl.o(.data)
    sModulelist                              0x200005f8   Data          16  el9800appl.o(.data)
    times                                    0x20000608   Data           4  el9800appl.o(.data)
    uhADCxConvertedValue                     0x2000060c   Data           2  adc1.o(.data)
    EscALEvent                               0x2000060e   Data           2  el9800hw.o(.data)
    asMbx                                    0x20000610   Data         512  mailbox.o(.bss)
    sMbxSendQueue                            0x20000810   Data          52  mailbox.o(.bss)
    sMbxReceiveQueue                         0x20000844   Data          52  mailbox.o(.bss)
    sSyncManOutPar                           0x20000878   Data          68  objdef.o(.bss)
    sSyncManInPar                            0x200008bc   Data          68  objdef.o(.bss)
    aSdoInfoHeader                           0x20000900   Data          14  sdoserv.o(.bss)
    aPdOutputData                            0x2000090e   Data          68  ecatappl.o(.bss)
    aPdInputData                             0x20000952   Data          68  ecatappl.o(.bss)
    __libspace_start                         0x20000998   Data          96  libspace.o(.bss)
    __temporary_stack_top$libspace           0x200009f8   Data           0  libspace.o(.bss)



==============================================================================

Memory Map of the image

  Image Entry point : 0x08000189

  Load Region LR_IROM1 (Base: 0x08000000, Size: 0x00006e54, Max: 0x00020000, ABSOLUTE, COMPRESSED[0x00006aa4])

    Execution Region ER_IROM1 (Exec base: 0x08000000, Load base: 0x08000000, Size: 0x00006844, Max: 0x00020000, ABSOLUTE)

    Exec Addr    Load Addr    Size         Type   Attr      Idx    E Section Name        Object

    0x08000000   0x08000000   0x00000188   Data   RO          126    RESET               startup_stm32f40_41xxx.o
    0x08000188   0x08000188   0x00000008   Code   RO         6192  * !!!main             c_w.l(__main.o)
    0x08000190   0x08000190   0x00000034   Code   RO         6401    !!!scatter          c_w.l(__scatter.o)
    0x080001c4   0x080001c4   0x0000005a   Code   RO         6399    !!dczerorl2         c_w.l(__dczerorl2.o)
    0x0800021e   0x0800021e   0x00000002   PAD
    0x08000220   0x08000220   0x0000001c   Code   RO         6403    !!handler_zi        c_w.l(__scatter_zi.o)
    0x0800023c   0x0800023c   0x00000002   Code   RO         6336    .ARM.Collect$$libinit$$00000000  c_w.l(libinit.o)
    0x0800023e   0x0800023e   0x00000004   Code   RO         6228    .ARM.Collect$$libinit$$00000001  c_w.l(libinit2.o)
    0x08000242   0x08000242   0x00000000   Code   RO         6231    .ARM.Collect$$libinit$$00000004  c_w.l(libinit2.o)
    0x08000242   0x08000242   0x00000008   Code   RO         6232    .ARM.Collect$$libinit$$00000005  c_w.l(libinit2.o)
    0x0800024a   0x0800024a   0x00000000   Code   RO         6234    .ARM.Collect$$libinit$$0000000A  c_w.l(libinit2.o)
    0x0800024a   0x0800024a   0x00000000   Code   RO         6236    .ARM.Collect$$libinit$$0000000C  c_w.l(libinit2.o)
    0x0800024a   0x0800024a   0x00000000   Code   RO         6238    .ARM.Collect$$libinit$$0000000E  c_w.l(libinit2.o)
    0x0800024a   0x0800024a   0x00000000   Code   RO         6241    .ARM.Collect$$libinit$$00000011  c_w.l(libinit2.o)
    0x0800024a   0x0800024a   0x00000000   Code   RO         6243    .ARM.Collect$$libinit$$00000013  c_w.l(libinit2.o)
    0x0800024a   0x0800024a   0x00000000   Code   RO         6245    .ARM.Collect$$libinit$$00000015  c_w.l(libinit2.o)
    0x0800024a   0x0800024a   0x00000000   Code   RO         6247    .ARM.Collect$$libinit$$00000017  c_w.l(libinit2.o)
    0x0800024a   0x0800024a   0x00000000   Code   RO         6249    .ARM.Collect$$libinit$$00000019  c_w.l(libinit2.o)
    0x0800024a   0x0800024a   0x00000000   Code   RO         6251    .ARM.Collect$$libinit$$0000001B  c_w.l(libinit2.o)
    0x0800024a   0x0800024a   0x00000000   Code   RO         6253    .ARM.Collect$$libinit$$0000001D  c_w.l(libinit2.o)
    0x0800024a   0x0800024a   0x00000000   Code   RO         6255    .ARM.Collect$$libinit$$0000001F  c_w.l(libinit2.o)
    0x0800024a   0x0800024a   0x00000000   Code   RO         6257    .ARM.Collect$$libinit$$00000021  c_w.l(libinit2.o)
    0x0800024a   0x0800024a   0x00000000   Code   RO         6259    .ARM.Collect$$libinit$$00000023  c_w.l(libinit2.o)
    0x0800024a   0x0800024a   0x00000000   Code   RO         6261    .ARM.Collect$$libinit$$00000025  c_w.l(libinit2.o)
    0x0800024a   0x0800024a   0x00000000   Code   RO         6265    .ARM.Collect$$libinit$$0000002C  c_w.l(libinit2.o)
    0x0800024a   0x0800024a   0x00000000   Code   RO         6267    .ARM.Collect$$libinit$$0000002E  c_w.l(libinit2.o)
    0x0800024a   0x0800024a   0x00000000   Code   RO         6269    .ARM.Collect$$libinit$$00000030  c_w.l(libinit2.o)
    0x0800024a   0x0800024a   0x00000000   Code   RO         6271    .ARM.Collect$$libinit$$00000032  c_w.l(libinit2.o)
    0x0800024a   0x0800024a   0x00000002   Code   RO         6272    .ARM.Collect$$libinit$$00000033  c_w.l(libinit2.o)
    0x0800024c   0x0800024c   0x00000002   Code   RO         6396    .ARM.Collect$$libshutdown$$00000000  c_w.l(libshutdown.o)
    0x0800024e   0x0800024e   0x00000000   Code   RO         6350    .ARM.Collect$$libshutdown$$00000002  c_w.l(libshutdown2.o)
    0x0800024e   0x0800024e   0x00000000   Code   RO         6352    .ARM.Collect$$libshutdown$$00000004  c_w.l(libshutdown2.o)
    0x0800024e   0x0800024e   0x00000000   Code   RO         6354    .ARM.Collect$$libshutdown$$00000006  c_w.l(libshutdown2.o)
    0x0800024e   0x0800024e   0x00000000   Code   RO         6357    .ARM.Collect$$libshutdown$$00000009  c_w.l(libshutdown2.o)
    0x0800024e   0x0800024e   0x00000000   Code   RO         6360    .ARM.Collect$$libshutdown$$0000000C  c_w.l(libshutdown2.o)
    0x0800024e   0x0800024e   0x00000000   Code   RO         6362    .ARM.Collect$$libshutdown$$0000000E  c_w.l(libshutdown2.o)
    0x0800024e   0x0800024e   0x00000000   Code   RO         6365    .ARM.Collect$$libshutdown$$00000011  c_w.l(libshutdown2.o)
    0x0800024e   0x0800024e   0x00000002   Code   RO         6366    .ARM.Collect$$libshutdown$$00000012  c_w.l(libshutdown2.o)
    0x08000250   0x08000250   0x00000000   Code   RO         6196    .ARM.Collect$$rtentry$$00000000  c_w.l(__rtentry.o)
    0x08000250   0x08000250   0x00000000   Code   RO         6279    .ARM.Collect$$rtentry$$00000002  c_w.l(__rtentry2.o)
    0x08000250   0x08000250   0x00000006   Code   RO         6291    .ARM.Collect$$rtentry$$00000004  c_w.l(__rtentry4.o)
    0x08000256   0x08000256   0x00000000   Code   RO         6281    .ARM.Collect$$rtentry$$00000009  c_w.l(__rtentry2.o)
    0x08000256   0x08000256   0x00000004   Code   RO         6282    .ARM.Collect$$rtentry$$0000000A  c_w.l(__rtentry2.o)
    0x0800025a   0x0800025a   0x00000000   Code   RO         6284    .ARM.Collect$$rtentry$$0000000C  c_w.l(__rtentry2.o)
    0x0800025a   0x0800025a   0x00000008   Code   RO         6285    .ARM.Collect$$rtentry$$0000000D  c_w.l(__rtentry2.o)
    0x08000262   0x08000262   0x00000002   Code   RO         6339    .ARM.Collect$$rtexit$$00000000  c_w.l(rtexit.o)
    0x08000264   0x08000264   0x00000000   Code   RO         6370    .ARM.Collect$$rtexit$$00000002  c_w.l(rtexit2.o)
    0x08000264   0x08000264   0x00000004   Code   RO         6371    .ARM.Collect$$rtexit$$00000003  c_w.l(rtexit2.o)
    0x08000268   0x08000268   0x00000006   Code   RO         6372    .ARM.Collect$$rtexit$$00000004  c_w.l(rtexit2.o)
    0x0800026e   0x0800026e   0x00000002   PAD
    0x08000270   0x08000270   0x00000000   Code   RO         6295    .emb_text           c_w.l(maybetermalloc1.o)
    0x08000270   0x08000270   0x00000040   Code   RO          127    .text               startup_stm32f40_41xxx.o
    0x080002b0   0x080002b0   0x0000005e   Code   RO         6126    .text               c_w.l(h1_alloc.o)
    0x0800030e   0x0800030e   0x0000004e   Code   RO         6128    .text               c_w.l(h1_free.o)
    0x0800035c   0x0800035c   0x0000003e   Code   RO         6184    .text               c_w.l(strlen.o)
    0x0800039a   0x0800039a   0x0000008a   Code   RO         6186    .text               c_w.l(rt_memcpy_v6.o)
    0x08000424   0x08000424   0x00000044   Code   RO         6188    .text               c_w.l(rt_memclr.o)
    0x08000468   0x08000468   0x00000006   Code   RO         6190    .text               c_w.l(heapauxi.o)
    0x0800046e   0x0800046e   0x00000002   PAD
    0x08000470   0x08000470   0x00000008   Code   RO         6200    .text               c_w.l(rt_heap_descriptor_intlibspace.o)
    0x08000478   0x08000478   0x00000004   Code   RO         6202    .text               c_w.l(hguard.o)
    0x0800047c   0x0800047c   0x0000008a   Code   RO         6204    .text               c_w.l(init_alloc.o)
    0x08000506   0x08000506   0x0000000e   Code   RO         6208    .text               c_w.l(h1_init.o)
    0x08000514   0x08000514   0x00000064   Code   RO         6222    .text               c_w.l(rt_memcpy_w.o)
    0x08000578   0x08000578   0x0000004e   Code   RO         6224    .text               c_w.l(rt_memclr_w.o)
    0x080005c6   0x080005c6   0x00000002   PAD
    0x080005c8   0x080005c8   0x00000008   Code   RO         6275    .text               c_w.l(libspace.o)
    0x080005d0   0x080005d0   0x00000034   Code   RO         6297    .text               c_w.l(h1_extend.o)
    0x08000604   0x08000604   0x0000000e   Code   RO         6301    .text               c_w.l(defsig_rtmem_outer.o)
    0x08000612   0x08000612   0x00000002   Code   RO         6312    .text               c_w.l(use_no_semi.o)
    0x08000614   0x08000614   0x00000000   Code   RO         6314    .text               c_w.l(indicate_semi.o)
    0x08000614   0x08000614   0x0000004a   Code   RO         6315    .text               c_w.l(sys_stackheap_outer.o)
    0x0800065e   0x0800065e   0x00000012   Code   RO         6321    .text               c_w.l(exit.o)
    0x08000670   0x08000670   0x0000000a   Code   RO         6323    .text               c_w.l(defsig_exit.o)
    0x0800067a   0x0800067a   0x00000002   PAD
    0x0800067c   0x0800067c   0x00000050   Code   RO         6325    .text               c_w.l(defsig_rtmem_inner.o)
    0x080006cc   0x080006cc   0x0000000c   Code   RO         6337    .text               c_w.l(sys_exit.o)
    0x080006d8   0x080006d8   0x00000032   Code   RO         6347    .text               c_w.l(defsig_general.o)
    0x0800070a   0x0800070a   0x0000000e   Code   RO         6367    .text               c_w.l(sys_wrch.o)
    0x08000718   0x08000718   0x00000016   Code   RO          192    i.ADC_Cmd           stm32f4xx_adc.o
    0x0800072e   0x0800072e   0x00000002   PAD
    0x08000730   0x08000730   0x00000030   Code   RO          193    i.ADC_CommonInit    stm32f4xx_adc.o
    0x08000760   0x08000760   0x00000104   Code   RO         5844    i.ADC_Configuration  adc1.o
    0x08000864   0x08000864   0x00000016   Code   RO          196    i.ADC_DMACmd        stm32f4xx_adc.o
    0x0800087a   0x0800087a   0x00000016   Code   RO          197    i.ADC_DMARequestAfterLastTransferCmd  stm32f4xx_adc.o
    0x08000890   0x08000890   0x00000054   Code   RO          212    i.ADC_Init          stm32f4xx_adc.o
    0x080008e4   0x080008e4   0x000000b8   Code   RO          217    i.ADC_RegularChannelConfig  stm32f4xx_adc.o
    0x0800099c   0x0800099c   0x0000000a   Code   RO          219    i.ADC_SoftwareStartConv  stm32f4xx_adc.o
    0x080009a6   0x080009a6   0x00000002   PAD
    0x080009a8   0x080009a8   0x00000458   Code   RO         5037    i.AL_ControlInd     ecatslv.o
    0x08000e00   0x08000e00   0x00000218   Code   RO         5038    i.AL_ControlRes     ecatslv.o
    0x08001018   0x08001018   0x00000002   Code   RO         5722    i.APPL_AckErrorInd  el9800appl.o
    0x0800101a   0x0800101a   0x00000002   PAD
    0x0800101c   0x0800101c   0x00000184   Code   RO         5723    i.APPL_Application  el9800appl.o
    0x080011a0   0x080011a0   0x000000f4   Code   RO         5724    i.APPL_GenerateMapping  el9800appl.o
    0x08001294   0x08001294   0x00000064   Code   RO         5725    i.APPL_InputMapping  el9800appl.o
    0x080012f8   0x080012f8   0x00000040   Code   RO         5726    i.APPL_OutputMapping  el9800appl.o
    0x08001338   0x08001338   0x00000006   Code   RO         5727    i.APPL_StartInputHandler  el9800appl.o
    0x0800133e   0x0800133e   0x00000004   Code   RO         5728    i.APPL_StartMailboxHandler  el9800appl.o
    0x08001342   0x08001342   0x00000004   Code   RO         5729    i.APPL_StartOutputHandler  el9800appl.o
    0x08001346   0x08001346   0x00000004   Code   RO         5730    i.APPL_StopInputHandler  el9800appl.o
    0x0800134a   0x0800134a   0x00000004   Code   RO         5731    i.APPL_StopMailboxHandler  el9800appl.o
    0x0800134e   0x0800134e   0x00000002   PAD
    0x08001350   0x08001350   0x000000d0   Code   RO         5732    i.APPL_StopOutputHandler  el9800appl.o
    0x08001420   0x08001420   0x00000028   Code   RO         5540    i.AddObjectsToObjDictionary  coeappl.o
    0x08001448   0x08001448   0x00000034   Code   RO         5995    i.AddressingEsc     el9800hw.o
    0x0800147c   0x0800147c   0x0000000c   Code   RO         5039    i.BackToInitTransition  ecatslv.o
    0x08001488   0x08001488   0x00000090   Code   RO         5541    i.COE_AddObjectToDic  coeappl.o
    0x08001518   0x08001518   0x00000024   Code   RO         5542    i.COE_ClearObjDictionary  coeappl.o
    0x0800153c   0x0800153c   0x00000048   Code   RO         4984    i.COE_ContinueInd   ecatcoe.o
    0x08001584   0x08001584   0x0000000c   Code   RO         5543    i.COE_GetObjectDictionary  coeappl.o
    0x08001590   0x08001590   0x00000014   Code   RO         4985    i.COE_Init          ecatcoe.o
    0x080015a4   0x080015a4   0x000000bc   Code   RO         5544    i.COE_Main          coeappl.o
    0x08001660   0x08001660   0x00000030   Code   RO         5545    i.COE_ObjDictionaryInit  coeappl.o
    0x08001690   0x08001690   0x000000b4   Code   RO         5546    i.COE_ObjInit       coeappl.o
    0x08001744   0x08001744   0x00000044   Code   RO         5547    i.COE_RemoveDicEntry  coeappl.o
    0x08001788   0x08001788   0x00000048   Code   RO         4986    i.COE_ServiceInd    ecatcoe.o
    0x080017d0   0x080017d0   0x00000094   Code   RO         5040    i.CheckIfEcatError  ecatslv.o
    0x08001864   0x08001864   0x000002e8   Code   RO         5041    i.CheckSmSettings   ecatslv.o
    0x08001b4c   0x08001b4c   0x00000104   Code   RO         5359    i.CheckSyncTypeValue  objdef.o
    0x08001c50   0x08001c50   0x000000fc   Code   RO         5042    i.DC_CheckWatchdog  ecatslv.o
    0x08001d4c   0x08001d4c   0x00000016   Code   RO         1225    i.DMA_Cmd           stm32f4xx_dma.o
    0x08001d62   0x08001d62   0x00000002   PAD
    0x08001d64   0x08001d64   0x00000058   Code   RO         1237    i.DMA_Init          stm32f4xx_dma.o
    0x08001dbc   0x08001dbc   0x00000034   Code   RO         5043    i.DisableSyncManChannel  ecatslv.o
    0x08001df0   0x08001df0   0x00000008   Code   RO         5625    i.ECAT_Application  ecatappl.o
    0x08001df8   0x08001df8   0x00000044   Code   RO         5626    i.ECAT_CheckTimer   ecatappl.o
    0x08001e3c   0x08001e3c   0x0000011c   Code   RO         5044    i.ECAT_Init         ecatslv.o
    0x08001f58   0x08001f58   0x0000015c   Code   RO         5045    i.ECAT_Main         ecatslv.o
    0x080020b4   0x080020b4   0x00000078   Code   RO         5871    i.EXTI0_Configuration  exit.o
    0x0800212c   0x0800212c   0x0000000e   Code   RO         5996    i.EXTI0_IRQHandler  el9800hw.o
    0x0800213a   0x0800213a   0x00000002   PAD
    0x0800213c   0x0800213c   0x00000078   Code   RO         5872    i.EXTI1_Configuration  exit.o
    0x080021b4   0x080021b4   0x0000000e   Code   RO         5997    i.EXTI1_IRQHandler  el9800hw.o
    0x080021c2   0x080021c2   0x00000002   PAD
    0x080021c4   0x080021c4   0x00000080   Code   RO         5873    i.EXTI8_Configuration  exit.o
    0x08002244   0x08002244   0x00000010   Code   RO         5998    i.EXTI9_5_IRQHandler  el9800hw.o
    0x08002254   0x08002254   0x0000000c   Code   RO         1512    i.EXTI_ClearITPendingBit  stm32f4xx_exti.o
    0x08002260   0x08002260   0x00000094   Code   RO         1517    i.EXTI_Init         stm32f4xx_exti.o
    0x080022f4   0x080022f4   0x00000032   Code   RO         5047    i.EnableSyncManChannel  ecatslv.o
    0x08002326   0x08002326   0x00000002   PAD
    0x08002328   0x08002328   0x0000009c   Code   RO         5999    i.GPIO_Config       el9800hw.o
    0x080023c4   0x080023c4   0x00000090   Code   RO         1890    i.GPIO_Init         stm32f4xx_gpio.o
    0x08002454   0x08002454   0x00000046   Code   RO         1891    i.GPIO_PinAFConfig  stm32f4xx_gpio.o
    0x0800249a   0x0800249a   0x00000004   Code   RO         1897    i.GPIO_ResetBits    stm32f4xx_gpio.o
    0x0800249e   0x0800249e   0x00000004   Code   RO         1898    i.GPIO_SetBits      stm32f4xx_gpio.o
    0x080024a2   0x080024a2   0x00000002   PAD
    0x080024a4   0x080024a4   0x00000030   Code   RO         6000    i.GetInterruptRegister  el9800hw.o
    0x080024d4   0x080024d4   0x0000002e   Code   RO         5247    i.GetOutOfMbxQueue  mailbox.o
    0x08002502   0x08002502   0x00000002   PAD
    0x08002504   0x08002504   0x0000001c   Code   RO         5048    i.GetSyncMan        ecatslv.o
    0x08002520   0x08002520   0x0000004c   Code   RO         6001    i.HW_EscRead        el9800hw.o
    0x0800256c   0x0800256c   0x00000050   Code   RO         6002    i.HW_EscReadIsr     el9800hw.o
    0x080025bc   0x080025bc   0x0000004c   Code   RO         6003    i.HW_EscWrite       el9800hw.o
    0x08002608   0x08002608   0x00000044   Code   RO         6004    i.HW_EscWriteIsr    el9800hw.o
    0x0800264c   0x0800264c   0x00000010   Code   RO         6005    i.HW_GetALEventRegister  el9800hw.o
    0x0800265c   0x0800265c   0x00000010   Code   RO         6006    i.HW_GetALEventRegister_Isr  el9800hw.o
    0x0800266c   0x0800266c   0x00000078   Code   RO         6007    i.HW_Init           el9800hw.o
    0x080026e4   0x080026e4   0x00000002   Code   RO         6008    i.HW_Release        el9800hw.o
    0x080026e6   0x080026e6   0x00000002   PAD
    0x080026e8   0x080026e8   0x000000ac   Code   RO         5627    i.HandleBusCycleCalculation  ecatappl.o
    0x08002794   0x08002794   0x00000034   Code   RO         6009    i.ISR_AddressingEsc  el9800hw.o
    0x080027c8   0x080027c8   0x00000038   Code   RO         6010    i.ISR_GetInterruptRegister  el9800hw.o
    0x08002800   0x08002800   0x0000011c   Code   RO         5248    i.MBX_CheckAndCopyMailbox  mailbox.o
    0x0800291c   0x0800291c   0x000000e0   Code   RO         5249    i.MBX_CopyToSendMailbox  mailbox.o
    0x080029fc   0x080029fc   0x000000cc   Code   RO         5250    i.MBX_Init          mailbox.o
    0x08002ac8   0x08002ac8   0x000000a8   Code   RO         5251    i.MBX_MailboxReadInd  mailbox.o
    0x08002b70   0x08002b70   0x00000068   Code   RO         5252    i.MBX_MailboxRepeatReq  mailbox.o
    0x08002bd8   0x08002bd8   0x00000094   Code   RO         5253    i.MBX_MailboxSendReq  mailbox.o
    0x08002c6c   0x08002c6c   0x0000007c   Code   RO         5254    i.MBX_MailboxWriteInd  mailbox.o
    0x08002ce8   0x08002ce8   0x00000050   Code   RO         5255    i.MBX_Main          mailbox.o
    0x08002d38   0x08002d38   0x000000c0   Code   RO         5256    i.MBX_StartMailboxHandler  mailbox.o
    0x08002df8   0x08002df8   0x00000110   Code   RO         5257    i.MBX_StopMailboxHandler  mailbox.o
    0x08002f08   0x08002f08   0x00000022   Code   RO         5258    i.MailboxServiceInd  mailbox.o
    0x08002f2a   0x08002f2a   0x00000002   PAD
    0x08002f2c   0x08002f2c   0x00000034   Code   RO         5628    i.MainInit          ecatappl.o
    0x08002f60   0x08002f60   0x000000c0   Code   RO         5629    i.MainLoop          ecatappl.o
    0x08003020   0x08003020   0x00000018   Code   RO         5049    i.NVIC_DisableIRQ   ecatslv.o
    0x08003038   0x08003038   0x00000016   Code   RO         5050    i.NVIC_EnableIRQ    ecatslv.o
    0x0800304e   0x0800304e   0x00000016   Code   RO         6011    i.NVIC_EnableIRQ    el9800hw.o
    0x08003064   0x08003064   0x00000078   Code   RO          134    i.NVIC_Init         misc.o
    0x080030dc   0x080030dc   0x00000014   Code   RO          135    i.NVIC_PriorityGroupConfig  misc.o
    0x080030f0   0x080030f0   0x0000003c   Code   RO         5360    i.OBJ_CopyNumberToString  objdef.o
    0x0800312c   0x0800312c   0x000000cc   Code   RO         5361    i.OBJ_GetDesc       objdef.o
    0x080031f8   0x080031f8   0x00000026   Code   RO         5362    i.OBJ_GetEntryDesc  objdef.o
    0x0800321e   0x0800321e   0x00000106   Code   RO         5363    i.OBJ_GetEntryOffset  objdef.o
    0x08003324   0x08003324   0x00000064   Code   RO         5364    i.OBJ_GetNoOfObjects  objdef.o
    0x08003388   0x08003388   0x00000008   Code   RO         5365    i.OBJ_GetObjDesc    objdef.o
    0x08003390   0x08003390   0x00000020   Code   RO         5366    i.OBJ_GetObjectHandle  objdef.o
    0x080033b0   0x080033b0   0x00000096   Code   RO         5367    i.OBJ_GetObjectLength  objdef.o
    0x08003446   0x08003446   0x00000002   PAD
    0x08003448   0x08003448   0x000000bc   Code   RO         5368    i.OBJ_GetObjectList  objdef.o
    0x08003504   0x08003504   0x00000478   Code   RO         5369    i.OBJ_Read          objdef.o
    0x0800397c   0x0800397c   0x000004be   Code   RO         5370    i.OBJ_Write         objdef.o
    0x08003e3a   0x08003e3a   0x00000002   PAD
    0x08003e3c   0x08003e3c   0x00000120   Code   RO         5630    i.PDI_Isr           ecatappl.o
    0x08003f5c   0x08003f5c   0x00000024   Code   RO         5631    i.PDO_InputMapping  ecatappl.o
    0x08003f80   0x08003f80   0x00000024   Code   RO         5632    i.PDO_OutputMapping  ecatappl.o
    0x08003fa4   0x08003fa4   0x0000002c   Code   RO         5259    i.PutInMbxQueue     mailbox.o
    0x08003fd0   0x08003fd0   0x00000020   Code   RO         2831    i.RCC_AHB1PeriphClockCmd  stm32f4xx_rcc.o
    0x08003ff0   0x08003ff0   0x00000020   Code   RO         2837    i.RCC_APB1PeriphClockCmd  stm32f4xx_rcc.o
    0x08004010   0x08004010   0x00000020   Code   RO         2839    i.RCC_APB1PeriphResetCmd  stm32f4xx_rcc.o
    0x08004030   0x08004030   0x00000020   Code   RO         2840    i.RCC_APB2PeriphClockCmd  stm32f4xx_rcc.o
    0x08004050   0x08004050   0x00000020   Code   RO         2842    i.RCC_APB2PeriphResetCmd  stm32f4xx_rcc.o
    0x08004070   0x08004070   0x0000006c   Code   RO         5733    i.ReadObject0x1802  el9800appl.o
    0x080040dc   0x080040dc   0x00000032   Code   RO         5051    i.ResetALEventMask  ecatslv.o
    0x0800410e   0x0800410e   0x00000002   PAD
    0x08004110   0x08004110   0x00000448   Code   RO         5469    i.SDOS_SdoInd       sdoserv.o
    0x08004558   0x08004558   0x000002e4   Code   RO         5470    i.SDOS_SdoInfoInd   sdoserv.o
    0x0800483c   0x0800483c   0x000000ec   Code   RO         5471    i.SDOS_SdoRes       sdoserv.o
    0x08004928   0x08004928   0x000000a8   Code   RO         5907    i.SPI1_GPIO_Init    spi1.o
    0x080049d0   0x080049d0   0x00000058   Code   RO         5908    i.SPI1_Init         spi1.o
    0x08004a28   0x08004a28   0x00000018   Code   RO         3914    i.SPI_Cmd           stm32f4xx_spi.o
    0x08004a40   0x08004a40   0x000000b0   Code   RO         3921    i.SPI_I2S_DeInit    stm32f4xx_spi.o
    0x08004af0   0x08004af0   0x00000012   Code   RO         3922    i.SPI_I2S_GetFlagStatus  stm32f4xx_spi.o
    0x08004b02   0x08004b02   0x00000006   Code   RO         3925    i.SPI_I2S_ReceiveData  stm32f4xx_spi.o
    0x08004b08   0x08004b08   0x00000004   Code   RO         3926    i.SPI_I2S_SendData  stm32f4xx_spi.o
    0x08004b0c   0x08004b0c   0x0000003c   Code   RO         3927    i.SPI_Init          stm32f4xx_spi.o
    0x08004b48   0x08004b48   0x00000040   Code   RO         4079    i.SYSCFG_EXTILineConfig  stm32f4xx_syscfg.o
    0x08004b88   0x08004b88   0x000002a4   Code   RO         5472    i.SdoDownloadSegmentInd  sdoserv.o
    0x08004e2c   0x08004e2c   0x000000dc   Code   RO         5473    i.SdoRes            sdoserv.o
    0x08004f08   0x08004f08   0x000001a0   Code   RO         5474    i.SdoUploadSegmentInd  sdoserv.o
    0x080050a8   0x080050a8   0x00000032   Code   RO         5052    i.SetALEventMask    ecatslv.o
    0x080050da   0x080050da   0x00000002   PAD
    0x080050dc   0x080050dc   0x0000004c   Code   RO         5053    i.SetALStatus       ecatslv.o
    0x08005128   0x08005128   0x000000e8   Code   RO            4    i.SetSysClock       system_stm32f4xx.o
    0x08005210   0x08005210   0x00000610   Code   RO         5054    i.StartInputHandler  ecatslv.o
    0x08005820   0x08005820   0x00000038   Code   RO         5055    i.StartOutputHandler  ecatslv.o
    0x08005858   0x08005858   0x000000d0   Code   RO         5056    i.StopInputHandler  ecatslv.o
    0x08005928   0x08005928   0x00000014   Code   RO         5057    i.StopOutputHandler  ecatslv.o
    0x0800593c   0x0800593c   0x00000130   Code   RO         5633    i.Sync0_Isr         ecatappl.o
    0x08005a6c   0x08005a6c   0x0000003c   Code   RO         5634    i.Sync1_Isr         ecatappl.o
    0x08005aa8   0x08005aa8   0x00000068   Code   RO            6    i.SystemInit        system_stm32f4xx.o
    0x08005b10   0x08005b10   0x0000002c   Code   RO         6012    i.TIM2_IRQHandler   el9800hw.o
    0x08005b3c   0x08005b3c   0x00000006   Code   RO         4146    i.TIM_ClearFlag     stm32f4xx_tim.o
    0x08005b42   0x08005b42   0x00000006   Code   RO         4147    i.TIM_ClearITPendingBit  stm32f4xx_tim.o
    0x08005b48   0x08005b48   0x00000018   Code   RO         4152    i.TIM_Cmd           stm32f4xx_tim.o
    0x08005b60   0x08005b60   0x00000074   Code   RO         5971    i.TIM_Configuration  timer.o
    0x08005bd4   0x08005bd4   0x00000190   Code   RO         4157    i.TIM_DeInit        stm32f4xx_tim.o
    0x08005d64   0x08005d64   0x00000012   Code   RO         4177    i.TIM_ITConfig      stm32f4xx_tim.o
    0x08005d76   0x08005d76   0x00000002   PAD
    0x08005d78   0x08005d78   0x00000084   Code   RO         4224    i.TIM_TimeBaseInit  stm32f4xx_tim.o
    0x08005dfc   0x08005dfc   0x00000044   Code   RO         5058    i.UpdateEEPROMLoadedState  ecatslv.o
    0x08005e40   0x08005e40   0x00000038   Code   RO         5909    i.WR_CMD            spi1.o
    0x08005e78   0x08005e78   0x0000002c   Code   RO         5734    i.main              el9800appl.o
    0x08005ea4   0x08005ea4   0x0000000a   Code   RO         6310    x$fpl$fpinit        fz_wm.l(fpinit.o)
    0x08005eae   0x08005eae   0x00000020   Data   RO         5372    .constdata          objdef.o
    0x08005ece   0x08005ece   0x00000002   PAD
    0x08005ed0   0x08005ed0   0x00000078   Data   RO         5476    .constdata          sdoserv.o
    0x08005f48   0x08005f48   0x000008db   Data   RO         5548    .constdata          coeappl.o
    0x08006823   0x08006823   0x00000001   PAD
    0x08006824   0x08006824   0x00000020   Data   RO         6397    Region$$Table       anon$$obj.o


    Execution Region RW_IRAM1 (Exec base: 0x20000000, Load base: 0x08006844, Size: 0x00000ff8, Max: 0x00010000, ABSOLUTE, COMPRESSED[0x00000260])

    Exec Addr    Load Addr    Size         Type   Attr      Idx    E Section Name        Object

    0x20000000   COMPRESSED   0x00000004   Data   RW         4987    .data               ecatcoe.o
    0x20000004   COMPRESSED   0x00000049   Data   RW         5059    .data               ecatslv.o
    0x2000004d   COMPRESSED   0x00000003   PAD
    0x20000050   COMPRESSED   0x00000021   Data   RW         5261    .data               mailbox.o
    0x20000071   COMPRESSED   0x00000003   PAD
    0x20000074   COMPRESSED   0x0000001d   Data   RW         5373    .data               objdef.o
    0x20000091   COMPRESSED   0x00000003   PAD
    0x20000094   COMPRESSED   0x0000003c   Data   RW         5477    .data               sdoserv.o
    0x200000d0   COMPRESSED   0x00000460   Data   RW         5549    .data               coeappl.o
    0x20000530   COMPRESSED   0x0000001a   Data   RW         5636    .data               ecatappl.o
    0x2000054a   COMPRESSED   0x00000002   PAD
    0x2000054c   COMPRESSED   0x000000c0   Data   RW         5735    .data               el9800appl.o
    0x2000060c   COMPRESSED   0x00000002   Data   RW         5845    .data               adc1.o
    0x2000060e   COMPRESSED   0x00000002   Data   RW         6013    .data               el9800hw.o
    0x20000610        -       0x00000268   Zero   RW         5260    .bss                mailbox.o
    0x20000878        -       0x00000088   Zero   RW         5371    .bss                objdef.o
    0x20000900        -       0x0000000e   Zero   RW         5475    .bss                sdoserv.o
    0x2000090e        -       0x00000088   Zero   RW         5635    .bss                ecatappl.o
    0x20000996   COMPRESSED   0x00000002   PAD
    0x20000998        -       0x00000060   Zero   RW         6276    .bss                c_w.l(libspace.o)
    0x200009f8        -       0x00000200   Zero   RW          125    HEAP                startup_stm32f40_41xxx.o
    0x20000bf8        -       0x00000400   Zero   RW          124    STACK               startup_stm32f40_41xxx.o


==============================================================================

Image component sizes


      Code (inc. data)   RO Data    RW Data    ZI Data      Debug   Object Name

       260         18          0          2          0       1059   adc1.o
       716        114       2267       1120          0      15367   coeappl.o
      1216        248          0         26        136       8545   ecatappl.o
       164         26          0          4          0       5704   ecatcoe.o
      5692        652          0         73          0      48332   ecatslv.o
      1180        104          0        192          0      11691   el9800appl.o
       928         76          0          2          0      13127   el9800hw.o
       368         14          0          0          0       2082   exit.o
      1924        300          0         33        616      12947   mailbox.o
       140         24          0          0          0       1679   misc.o
      3660        124         32         29        136      29444   objdef.o
      3384        274        120         60         14      23199   sdoserv.o
       312         20          0          0          0       1810   spi1.o
        64         26        392          0       1536        860   startup_stm32f40_41xxx.o
       392         24          0          0          0       5687   stm32f4xx_adc.o
       110          6          0          0          0       2501   stm32f4xx_dma.o
       160         12          0          0          0       1645   stm32f4xx_exti.o
       222          0          0          0          0       3043   stm32f4xx_gpio.o
       160         30          0          0          0       2985   stm32f4xx_rcc.o
       288         24          0          0          0       4311   stm32f4xx_spi.o
        64          4          0          0          0        660   stm32f4xx_syscfg.o
       586         82          0          0          0       4461   stm32f4xx_tim.o
       336         32          0          0          0     278013   system_stm32f4xx.o
       116          0          0          0          0        676   timer.o

    ----------------------------------------------------------------------
     22476       2234       2846       1552       2440     479828   Object Totals
         0          0         32          0          0          0   (incl. Generated)
        34          0          3         11          2          0   (incl. Padding)

    ----------------------------------------------------------------------

      Code (inc. data)   RO Data    RW Data    ZI Data      Debug   Library Member Name

        90          0          0          0          0          0   __dczerorl2.o
         8          0          0          0          0         68   __main.o
         0          0          0          0          0          0   __rtentry.o
        12          0          0          0          0          0   __rtentry2.o
         6          0          0          0          0          0   __rtentry4.o
        52          8          0          0          0          0   __scatter.o
        28          0          0          0          0          0   __scatter_zi.o
        10          0          0          0          0         68   defsig_exit.o
        50          0          0          0          0         88   defsig_general.o
        80         58          0          0          0         76   defsig_rtmem_inner.o
        14          0          0          0          0         80   defsig_rtmem_outer.o
        18          0          0          0          0         80   exit.o
        94          0          0          0          0         80   h1_alloc.o
        52          0          0          0          0         68   h1_extend.o
        78          0          0          0          0         80   h1_free.o
        14          0          0          0          0         84   h1_init.o
         6          0          0          0          0        152   heapauxi.o
         4          0          0          0          0        136   hguard.o
         0          0          0          0          0          0   indicate_semi.o
       138          0          0          0          0        168   init_alloc.o
         2          0          0          0          0          0   libinit.o
        14          0          0          0          0          0   libinit2.o
         2          0          0          0          0          0   libshutdown.o
         2          0          0          0          0          0   libshutdown2.o
         8          4          0          0         96         68   libspace.o
         0          0          0          0          0          0   maybetermalloc1.o
         8          4          0          0          0         68   rt_heap_descriptor_intlibspace.o
        68          0          0          0          0         68   rt_memclr.o
        78          0          0          0          0         80   rt_memclr_w.o
       138          0          0          0          0         68   rt_memcpy_v6.o
       100          0          0          0          0         80   rt_memcpy_w.o
         2          0          0          0          0          0   rtexit.o
        10          0          0          0          0          0   rtexit2.o
        62          0          0          0          0         76   strlen.o
        12          4          0          0          0         68   sys_exit.o
        74          0          0          0          0         80   sys_stackheap_outer.o
        14          0          0          0          0         76   sys_wrch.o
         2          0          0          0          0         68   use_no_semi.o
        10          0          0          0          0        116   fpinit.o

    ----------------------------------------------------------------------
      1370         78          0          0         96       2144   Library Totals
        10          0          0          0          0          0   (incl. Padding)

    ----------------------------------------------------------------------

      Code (inc. data)   RO Data    RW Data    ZI Data      Debug   Library Name

      1350         78          0          0         96       2028   c_w.l
        10          0          0          0          0        116   fz_wm.l

    ----------------------------------------------------------------------
      1370         78          0          0         96       2144   Library Totals

    ----------------------------------------------------------------------

==============================================================================


      Code (inc. data)   RO Data    RW Data    ZI Data      Debug   

     23846       2312       2846       1552       2536     466580   Grand Totals
     23846       2312       2846        608       2536     466580   ELF Image Totals (compressed)
     23846       2312       2846        608          0          0   ROM Totals

==============================================================================

    Total RO  Size (Code + RO Data)                26692 (  26.07kB)
    Total RW  Size (RW Data + ZI Data)              4088 (   3.99kB)
    Total ROM Size (Code + RO Data + RW Data)      27300 (  26.66kB)

==============================================================================

