<html>
<body>
<pre>
<h1>µVision Build Log</h1>
<h2>Tool Versions:</h2>
IDE-Version: ¦ÌVision V5.38.0.0
Copyright (C) 2022 ARM Ltd and ARM Germany GmbH. All rights reserved.
License Information: 1 1, 1, LIC=MGXG8-37E81-XC8J0-BQA8C-J3CTS-TWMY6
 
Tool Versions:
Toolchain:       MDK-ARM Professional  Version: 5.38.0.0
Toolchain Path:  D:\software_git\Keil_v5\ARM\ARMCC\Bin
C Compiler:      Armcc.exe V5.06 update 7 (build 960)
Assembler:       Armasm.exe V5.06 update 7 (build 960)
Linker/Locator:  ArmLink.exe V5.06 update 7 (build 960)
Library Manager: ArmAr.exe V5.06 update 7 (build 960)
Hex Converter:   FromElf.exe V5.06 update 7 (build 960)
CPU DLL:         SARMCM3.DLL V5.38.0.0
Dialog DLL:      DCM.DLL V1.17.5.0
Target DLL:      STLink\ST-LINKIII-KEIL_SWO.dll V2.0.14.0_KEIL
Dialog DLL:      TCM.DLL V1.56.4.0
 
<h2>Project:</h2>
D:\github\orthrus-1\2.Software\leg\ECAT_TEST1\stm32_ecat\STM32F405 Ethercat\MDK-ARM\Project.uvprojx
Project File Date:  03/21/2023

<h2>Output:</h2>
*** Using Compiler 'V5.06 update 7 (build 960)', folder: 'D:\software_git\Keil_v5\ARM\ARMCC\Bin'
Rebuild target 'STM32F40_41xxx'
assembling startup_stm32f40_41xxx.s...
compiling foeappl.c...
compiling aoeappl.c...
compiling ecataoe.c...
compiling ecatcoe.c...
compiling USART2.c...
compiling system_stm32f4xx.c...
compiling Timer.c...
compiling el9800hw.c...
compiling bootmode.c...
compiling diag.c...
compiling EXIT.c...
compiling ADC1.c...
compiling stm32f4xx_it.c...
compiling SPI1.c...
compiling ecateoe.c...
compiling ecatfoe.c...
compiling emcy.c...
compiling eoeappl.c...
compiling ecatsoe.c...
compiling ecatappl.c...
compiling coeappl.c...
compiling el9800appl.c...
compiling fc1100hw.c...
compiling misc.c...
compiling stm32f4xx_adc.c...
compiling mailbox.c...
compiling ecatslv.c...
compiling stm32f4xx_cec.c...
compiling stm32f4xx_can.c...
compiling stm32f4xx_cryp_des.c...
compiling stm32f4xx_crc.c...
compiling stm32f4xx_cryp_tdes.c...
compiling objdef.c...
..\Ethercat\src\objdef.c(729): warning:  #111-D: statement is unreachable
          break;
..\Ethercat\src\objdef.c(890): warning:  #767-D: conversion from pointer to smaller integer
              if((((UINT16)pVarPtr) & 0x1) == 0x1)
..\Ethercat\src\objdef.c(897): warning:  #767-D: conversion from pointer to smaller integer
                  pVarPtr = (UINT16 MBXMEM *)(((MEM_ADDR)pVarPtr)& ~(MEM_ADDR)0x1);
..\Ethercat\src\objdef.c: 3 warnings, 0 errors
compiling sdoserv.c...
compiling stm32f4xx_cryp.c...
compiling stm32f4xx_cryp_aes.c...
compiling stm32f4xx_dac.c...
compiling stm32f4xx_dbgmcu.c...
compiling stm32f4xx_dcmi.c...
compiling stm32f4xx_dma.c...
compiling stm32f4xx_dma2d.c...
compiling stm32f4xx_dsi.c...
compiling stm32f4xx_exti.c...
compiling stm32f4xx_fmpi2c.c...
compiling stm32f4xx_flash.c...
compiling stm32f4xx_flash_ramfunc.c...
compiling stm32f4xx_gpio.c...
compiling stm32f4xx_fsmc.c...
compiling stm32f4xx_hash.c...
compiling stm32f4xx_i2c.c...
compiling stm32f4xx_lptim.c...
compiling stm32f4xx_iwdg.c...
compiling stm32f4xx_ltdc.c...
compiling stm32f4xx_rng.c...
compiling stm32f4xx_qspi.c...
compiling stm32f4xx_spdifrx.c...
compiling stm32f4xx_pwr.c...
compiling stm32f4xx_sai.c...
compiling stm32f4xx_rcc.c...
compiling stm32f4xx_sdio.c...
compiling stm32f4xx_spi.c...
compiling stm32f4xx_rtc.c...
compiling stm32f4xx_syscfg.c...
compiling stm32f4xx_usart.c...
compiling stm32f4xx_tim.c...
compiling stm32f4xx_wwdg.c...
linking...
Program Size: Code=19110 RO-data=2846 RW-data=1544 ZI-data=2552  
"STM32F40_41xxx\STM32F40_41xxx.axf" - 0 Error(s), 3 Warning(s).

<h2>Software Packages used:</h2>

Package Vendor: ARM
                http://www.keil.com/pack/ARM.CMSIS.5.9.0.pack
                ARM.CMSIS.5.9.0
                CMSIS (Common Microcontroller Software Interface Standard)
   * Component: CORE Version: 5.6.0

Package Vendor: Keil
                http://www.keil.com/pack/Keil.STM32F4xx_DFP.2.16.0.pack
                Keil.STM32F4xx_DFP.2.16.0
                STMicroelectronics STM32F4 Series Device Support, Drivers and Examples

<h2>Collection of Component include folders:</h2>
  ./RTE/_STM32F40_41xxx
  D:/software_git/Keil_Packs/ARM/CMSIS/5.9.0/CMSIS/Core/Include
  D:/software_git/Keil_Packs/Keil/STM32F4xx_DFP/2.16.0/Drivers/CMSIS/Device/ST/STM32F4xx/Include

<h2>Collection of Component Files used:</h2>

   * Component: ARM::CMSIS:CORE:5.6.0
Build Time Elapsed:  00:00:04
</pre>
</body>
</html>
